The system is: Linux - 4.18.0-553.126.1.1toss.t4.x86_64 - x86_64
Compiling the C compiler identification source file "CMakeCCompilerId.c" succeeded.
Compiler: /opt/cray/pe/craype/2.7.35/bin/cc 
Build flags: 
Id flags:  

The output was:
0


Compilation of the C compiler identification source "CMakeCCompilerId.c" produced "a.out"

The C compiler identification is Clang, found in "/g/g19/gupta23/XSBench/CMakeFiles/3.24.2/CompilerIdC/a.out"

Compiling the CXX compiler identification source file "CMakeCXXCompilerId.cpp" succeeded.
Compiler: /opt/cray/pe/craype/2.7.35/bin/CC 
Build flags: 
Id flags:  

The output was:
0


Compilation of the CXX compiler identification source "CMakeCXXCompilerId.cpp" produced "a.out"

The CXX compiler identification is Clang, found in "/g/g19/gupta23/XSBench/CMakeFiles/3.24.2/CompilerIdCXX/a.out"

Detecting C compiler ABI info compiled with the following output:
Change Dir: /g/g19/gupta23/XSBench/CMakeFiles/CMakeTmp

Run Build Command(s):/usr/bin/gmake -f Makefile cmTC_3b66b/fast && /usr/bin/gmake  -f CMakeFiles/cmTC_3b66b.dir/build.make CMakeFiles/cmTC_3b66b.dir/build
gmake[1]: Entering directory '/g/g19/gupta23/XSBench/CMakeFiles/CMakeTmp'
Building C object CMakeFiles/cmTC_3b66b.dir/CMakeCCompilerABI.c.o
/opt/cray/pe/craype/2.7.35/bin/cc   -v -MD -MT CMakeFiles/cmTC_3b66b.dir/CMakeCCompilerABI.c.o -MF CMakeFiles/cmTC_3b66b.dir/CMakeCCompilerABI.c.o.d -o CMakeFiles/cmTC_3b66b.dir/CMakeCCompilerABI.c.o -c /usr/tce/backend/installations/linux-rhel8-x86_64/gcc-8.3.1/cmake-3.24.2-ywx52e32uh6gkxzuyubpwkulzgdvxyh6/share/cmake-3.24/Modules/CMakeCCompilerABI.c
Cray clang version 20.0.0  (95f64a80f3ee7b4a305f3014c51d36f78b24d91e)
Target: x86_64-unknown-linux-gnu
Thread model: posix
InstalledDir: /opt/cray/pe/cce/20.0.0/cce-clang/x86_64/bin
Build config: +assertions
Configuration file: /opt/cray/pe/cce/20.0.0/cce-clang/x86_64/bin/clang.cfg
Found candidate GCC installation: /opt/rh/gcc-toolset-13/root/usr/lib/gcc/x86_64-redhat-linux/13
Selected GCC installation: /opt/rh/gcc-toolset-13/root/usr/lib/gcc/x86_64-redhat-linux/13
Candidate multilib: .;@m64
Candidate multilib: 32;@m32
Selected multilib: .;@m64
Found HIP installation: /opt/rocm-7.2.1, version 7.2.53211
 (in-process)
 "/opt/cray/pe/cce/20.0.0/cce-clang/x86_64/bin/clang-20" -cc1 -triple x86_64-unknown-linux-gnu -mllvm -cray-omp-opt-fork-call -mllvm -cray-omp-parallel-opt-call -mllvm -cray-openmp-rename-outlined -fcray-gpu -flocal-restrict -mllvm -cray-enhanced-asm=1 -fenhanced-asm=1 -mllvm -cray-enhanced-ir=1 -fenhanced-ir=1 -fomp-local-offload-table -ffortran -emit-obj -disable-free -clear-ast-before-backend -main-file-name CMakeCCompilerABI.c -mrelocation-model static -mframe-pointer=all -fmath-errno -ffp-contract=on -fno-rounding-math -mconstructor-aliases -funwind-tables=2 -target-cpu znver3 -debugger-tuning=gdb -fdebug-compilation-dir=/g/g19/gupta23/XSBench/CMakeFiles/CMakeTmp -v -fcoverage-compilation-dir=/g/g19/gupta23/XSBench/CMakeFiles/CMakeTmp -resource-dir /opt/cray/pe/cce/20.0.0/cce-clang/x86_64/lib/clang/20 -dependency-file CMakeFiles/cmTC_3b66b.dir/CMakeCCompilerABI.c.o.d -MT CMakeFiles/cmTC_3b66b.dir/CMakeCCompilerABI.c.o -sys-header-deps -isystem /opt/cray/pe/cce/20.0.0/cce-clang/x86_64/lib/clang/20/include -isystem /opt/cray/pe/cce/20.0.0/cce/x86_64/include/craylibs -D __CRAY_X86_TRENTO -D __CRAY_NONE -D __CRAYXT_COMPUTE_LINUX_TARGET -I /opt/cray/pe/mpich/9.0.1/ofi/cray/20.0/include -I /opt/cray/pe/libsci/25.09.0/CRAY/20.0/x86_64/include -internal-isystem /opt/cray/pe/cce/20.0.0/cce-clang/x86_64/lib/clang/20/include -internal-isystem /usr/local/include -internal-isystem /opt/rh/gcc-toolset-13/root/usr/lib/gcc/x86_64-redhat-linux/13/../../../../x86_64-redhat-linux/include -internal-externc-isystem /include -internal-externc-isystem /usr/include -ferror-limit 19 -fgnuc-version=4.2.1 -fskip-odr-check-in-gmf -faddrsig -D__GCC_HAVE_DWARF2_CFI_ASM=1 -o CMakeFiles/cmTC_3b66b.dir/CMakeCCompilerABI.c.o -x c /usr/tce/backend/installations/linux-rhel8-x86_64/gcc-8.3.1/cmake-3.24.2-ywx52e32uh6gkxzuyubpwkulzgdvxyh6/share/cmake-3.24/Modules/CMakeCCompilerABI.c
clang -cc1 version 20.1.6 based upon LLVM 20.1.6 default target x86_64-unknown-linux-gnu
ignoring nonexistent directory "/opt/rh/gcc-toolset-13/root/usr/lib/gcc/x86_64-redhat-linux/13/../../../../x86_64-redhat-linux/include"
ignoring nonexistent directory "/include"
ignoring duplicate directory "/opt/cray/pe/cce/20.0.0/cce-clang/x86_64/lib/clang/20/include"
#include "..." search starts here:
#include <...> search starts here:
 /opt/cray/pe/mpich/9.0.1/ofi/cray/20.0/include
 /opt/cray/pe/libsci/25.09.0/CRAY/20.0/x86_64/include
 /opt/cray/pe/cce/20.0.0/cce-clang/x86_64/lib/clang/20/include
 /opt/cray/pe/cce/20.0.0/cce/x86_64/include/craylibs
 /usr/local/include
 /usr/include
End of search list.
Linking C executable cmTC_3b66b
/usr/tce/backend/installations/linux-rhel8-x86_64/gcc-8.3.1/cmake-3.24.2-ywx52e32uh6gkxzuyubpwkulzgdvxyh6/bin/cmake -E cmake_link_script CMakeFiles/cmTC_3b66b.dir/link.txt --verbose=1
/opt/cray/pe/craype/2.7.35/bin/cc  -v -dynamic CMakeFiles/cmTC_3b66b.dir/CMakeCCompilerABI.c.o -o cmTC_3b66b 
Cray clang version 20.0.0  (95f64a80f3ee7b4a305f3014c51d36f78b24d91e)
Target: x86_64-unknown-linux-gnu
Thread model: posix
InstalledDir: /opt/cray/pe/cce/20.0.0/cce-clang/x86_64/bin
Build config: +assertions
Configuration file: /opt/cray/pe/cce/20.0.0/cce-clang/x86_64/bin/clang.cfg
Found candidate GCC installation: /opt/rh/gcc-toolset-13/root/usr/lib/gcc/x86_64-redhat-linux/13
Selected GCC installation: /opt/rh/gcc-toolset-13/root/usr/lib/gcc/x86_64-redhat-linux/13
Candidate multilib: .;@m64
Candidate multilib: 32;@m32
Selected multilib: .;@m64
Found HIP installation: /opt/rocm-7.2.1, version 7.2.53211
 "/opt/cray/pe/cce/20.0.0/cce-clang/x86_64/bin/ld.lld" --hash-style=gnu --eh-frame-hdr -m elf_x86_64 -dynamic-linker /lib64/ld-linux-x86-64.so.2 -o cmTC_3b66b /lib/../lib64/crt1.o /lib/../lib64/crti.o /opt/cray/pe/cce/20.0.0/cce-clang/x86_64/lib/clang/20/lib/linux/clang_rt.crtbegin-x86_64.o /opt/rh/gcc-toolset-13/root/usr/lib/gcc/x86_64-redhat-linux/13/crtfastmath.o -L/opt/cray/pe/mpich/9.0.1/ofi/cray/20.0/lib -L/opt/cray/pe/libsci/25.09.0/CRAY/20.0/x86_64/lib -L/opt/cray/pe/cce/20.0.0/cce/x86_64/lib/pkgconfig/../ -L/opt/rh/gcc-toolset-13/root/usr/lib/gcc/x86_64-redhat-linux/13 -L/opt/rh/gcc-toolset-13/root/usr/lib/gcc/x86_64-redhat-linux/13/../../../../lib64 -L/lib/../lib64 -L/usr/lib/../lib64 -L/lib -L/usr/lib -plugin-opt=mcpu=znver3 -plugin-opt=lto=0 -plugin-opt=defaults=cray -plugin-opt=mllvm=-cray-math-precision=none -rpath=/opt/cray/pe/cce/20.0.0/cce/x86_64/lib CMakeFiles/cmTC_3b66b.dir/CMakeCCompilerABI.c.o --as-needed -lsci_cray_mpi --no-as-needed --as-needed -lmpi_cray --no-as-needed --as-needed -lsci_cray --no-as-needed -ldl -lxpmem -lstdc++ --as-needed -lpgas-shmem --no-as-needed -lfi -lquadmath -lmodules -lfi -lcraymath -lf -lu -lcsup --as-needed -lpthread -latomic --no-as-needed --as-needed -lm --no-as-needed --disable-new-dtags /opt/cray/pe/cce/20.0.0/cce/x86_64/lib/no_mmap.o /opt/cray/pe/cce/20.0.0/cce-clang/x86_64/lib/clang/20/lib/linux/libclang_rt.builtins-x86_64.a --as-needed -L/opt/cray/pe/cce/20.0.0/cce-clang/x86_64/lib -rpath=/opt/cray/pe/cce/20.0.0/cce-clang/x86_64/lib /opt/cray/pe/cce/20.0.0/cce-clang/x86_64/lib/libunwind.so -lunwind --no-as-needed -lc /opt/cray/pe/cce/20.0.0/cce-clang/x86_64/lib/clang/20/lib/linux/libclang_rt.builtins-x86_64.a --as-needed -L/opt/cray/pe/cce/20.0.0/cce-clang/x86_64/lib -rpath=/opt/cray/pe/cce/20.0.0/cce-clang/x86_64/lib /opt/cray/pe/cce/20.0.0/cce-clang/x86_64/lib/libunwind.so -lunwind --no-as-needed /opt/cray/pe/cce/20.0.0/cce-clang/x86_64/lib/clang/20/lib/linux/clang_rt.crtend-x86_64.o /lib/../lib64/crtn.o
gmake[1]: Leaving directory '/g/g19/gupta23/XSBench/CMakeFiles/CMakeTmp'



Parsed C implicit include dir info from above output: rv=done
  found start of include info
  found start of implicit include info
    add: [/opt/cray/pe/mpich/9.0.1/ofi/cray/20.0/include]
    add: [/opt/cray/pe/libsci/25.09.0/CRAY/20.0/x86_64/include]
    add: [/opt/cray/pe/cce/20.0.0/cce-clang/x86_64/lib/clang/20/include]
    add: [/opt/cray/pe/cce/20.0.0/cce/x86_64/include/craylibs]
    add: [/usr/local/include]
    add: [/usr/include]
  end of search list found
  collapse include dir [/opt/cray/pe/mpich/9.0.1/ofi/cray/20.0/include] ==> [/opt/cray/pe/mpich/9.0.1/ofi/cray/20.0/include]
  collapse include dir [/opt/cray/pe/libsci/25.09.0/CRAY/20.0/x86_64/include] ==> [/opt/cray/pe/libsci/25.09.0/CRAY/20.0/x86_64/include]
  collapse include dir [/opt/cray/pe/cce/20.0.0/cce-clang/x86_64/lib/clang/20/include] ==> [/opt/cray/pe/cce/20.0.0/cce-clang/x86_64/lib/clang/20/include]
  collapse include dir [/opt/cray/pe/cce/20.0.0/cce/x86_64/include/craylibs] ==> [/opt/cray/pe/cce/20.0.0/cce/x86_64/include/craylibs]
  collapse include dir [/usr/local/include] ==> [/usr/local/include]
  collapse include dir [/usr/include] ==> [/usr/include]
  implicit include dirs: [/opt/cray/pe/mpich/9.0.1/ofi/cray/20.0/include;/opt/cray/pe/libsci/25.09.0/CRAY/20.0/x86_64/include;/opt/cray/pe/cce/20.0.0/cce-clang/x86_64/lib/clang/20/include;/opt/cray/pe/cce/20.0.0/cce/x86_64/include/craylibs;/usr/local/include;/usr/include]


Parsed C implicit link information from above output:
  link line regex: [^( *|.*[/\])(ld\.lld|CMAKE_LINK_STARTFILE-NOTFOUND|([^/\]+-)?ld|collect2)[^/\]*( |$)]
  ignore line: [Change Dir: /g/g19/gupta23/XSBench/CMakeFiles/CMakeTmp]
  ignore line: []
  ignore line: [Run Build Command(s):/usr/bin/gmake -f Makefile cmTC_3b66b/fast && /usr/bin/gmake  -f CMakeFiles/cmTC_3b66b.dir/build.make CMakeFiles/cmTC_3b66b.dir/build]
  ignore line: [gmake[1]: Entering directory '/g/g19/gupta23/XSBench/CMakeFiles/CMakeTmp']
  ignore line: [Building C object CMakeFiles/cmTC_3b66b.dir/CMakeCCompilerABI.c.o]
  ignore line: [/opt/cray/pe/craype/2.7.35/bin/cc   -v -MD -MT CMakeFiles/cmTC_3b66b.dir/CMakeCCompilerABI.c.o -MF CMakeFiles/cmTC_3b66b.dir/CMakeCCompilerABI.c.o.d -o CMakeFiles/cmTC_3b66b.dir/CMakeCCompilerABI.c.o -c /usr/tce/backend/installations/linux-rhel8-x86_64/gcc-8.3.1/cmake-3.24.2-ywx52e32uh6gkxzuyubpwkulzgdvxyh6/share/cmake-3.24/Modules/CMakeCCompilerABI.c]
  ignore line: [Cray clang version 20.0.0  (95f64a80f3ee7b4a305f3014c51d36f78b24d91e)]
  ignore line: [Target: x86_64-unknown-linux-gnu]
  ignore line: [Thread model: posix]
  ignore line: [InstalledDir: /opt/cray/pe/cce/20.0.0/cce-clang/x86_64/bin]
  ignore line: [Build config: +assertions]
  ignore line: [Configuration file: /opt/cray/pe/cce/20.0.0/cce-clang/x86_64/bin/clang.cfg]
  ignore line: [Found candidate GCC installation: /opt/rh/gcc-toolset-13/root/usr/lib/gcc/x86_64-redhat-linux/13]
  ignore line: [Selected GCC installation: /opt/rh/gcc-toolset-13/root/usr/lib/gcc/x86_64-redhat-linux/13]
  ignore line: [Candidate multilib: .]
  ignore line: [@m64]
  ignore line: [Candidate multilib: 32]
  ignore line: [@m32]
  ignore line: [Selected multilib: .]
  ignore line: [@m64]
  ignore line: [Found HIP installation: /opt/rocm-7.2.1  version 7.2.53211]
  ignore line: [ (in-process)]
  ignore line: [ "/opt/cray/pe/cce/20.0.0/cce-clang/x86_64/bin/clang-20" -cc1 -triple x86_64-unknown-linux-gnu -mllvm -cray-omp-opt-fork-call -mllvm -cray-omp-parallel-opt-call -mllvm -cray-openmp-rename-outlined -fcray-gpu -flocal-restrict -mllvm -cray-enhanced-asm=1 -fenhanced-asm=1 -mllvm -cray-enhanced-ir=1 -fenhanced-ir=1 -fomp-local-offload-table -ffortran -emit-obj -disable-free -clear-ast-before-backend -main-file-name CMakeCCompilerABI.c -mrelocation-model static -mframe-pointer=all -fmath-errno -ffp-contract=on -fno-rounding-math -mconstructor-aliases -funwind-tables=2 -target-cpu znver3 -debugger-tuning=gdb -fdebug-compilation-dir=/g/g19/gupta23/XSBench/CMakeFiles/CMakeTmp -v -fcoverage-compilation-dir=/g/g19/gupta23/XSBench/CMakeFiles/CMakeTmp -resource-dir /opt/cray/pe/cce/20.0.0/cce-clang/x86_64/lib/clang/20 -dependency-file CMakeFiles/cmTC_3b66b.dir/CMakeCCompilerABI.c.o.d -MT CMakeFiles/cmTC_3b66b.dir/CMakeCCompilerABI.c.o -sys-header-deps -isystem /opt/cray/pe/cce/20.0.0/cce-clang/x86_64/lib/clang/20/include -isystem /opt/cray/pe/cce/20.0.0/cce/x86_64/include/craylibs -D __CRAY_X86_TRENTO -D __CRAY_NONE -D __CRAYXT_COMPUTE_LINUX_TARGET -I /opt/cray/pe/mpich/9.0.1/ofi/cray/20.0/include -I /opt/cray/pe/libsci/25.09.0/CRAY/20.0/x86_64/include -internal-isystem /opt/cray/pe/cce/20.0.0/cce-clang/x86_64/lib/clang/20/include -internal-isystem /usr/local/include -internal-isystem /opt/rh/gcc-toolset-13/root/usr/lib/gcc/x86_64-redhat-linux/13/../../../../x86_64-redhat-linux/include -internal-externc-isystem /include -internal-externc-isystem /usr/include -ferror-limit 19 -fgnuc-version=4.2.1 -fskip-odr-check-in-gmf -faddrsig -D__GCC_HAVE_DWARF2_CFI_ASM=1 -o CMakeFiles/cmTC_3b66b.dir/CMakeCCompilerABI.c.o -x c /usr/tce/backend/installations/linux-rhel8-x86_64/gcc-8.3.1/cmake-3.24.2-ywx52e32uh6gkxzuyubpwkulzgdvxyh6/share/cmake-3.24/Modules/CMakeCCompilerABI.c]
  ignore line: [clang -cc1 version 20.1.6 based upon LLVM 20.1.6 default target x86_64-unknown-linux-gnu]
  ignore line: [ignoring nonexistent directory "/opt/rh/gcc-toolset-13/root/usr/lib/gcc/x86_64-redhat-linux/13/../../../../x86_64-redhat-linux/include"]
  ignore line: [ignoring nonexistent directory "/include"]
  ignore line: [ignoring duplicate directory "/opt/cray/pe/cce/20.0.0/cce-clang/x86_64/lib/clang/20/include"]
  ignore line: [#include "..." search starts here:]
  ignore line: [#include <...> search starts here:]
  ignore line: [ /opt/cray/pe/mpich/9.0.1/ofi/cray/20.0/include]
  ignore line: [ /opt/cray/pe/libsci/25.09.0/CRAY/20.0/x86_64/include]
  ignore line: [ /opt/cray/pe/cce/20.0.0/cce-clang/x86_64/lib/clang/20/include]
  ignore line: [ /opt/cray/pe/cce/20.0.0/cce/x86_64/include/craylibs]
  ignore line: [ /usr/local/include]
  ignore line: [ /usr/include]
  ignore line: [End of search list.]
  ignore line: [Linking C executable cmTC_3b66b]
  ignore line: [/usr/tce/backend/installations/linux-rhel8-x86_64/gcc-8.3.1/cmake-3.24.2-ywx52e32uh6gkxzuyubpwkulzgdvxyh6/bin/cmake -E cmake_link_script CMakeFiles/cmTC_3b66b.dir/link.txt --verbose=1]
  ignore line: [/opt/cray/pe/craype/2.7.35/bin/cc  -v -dynamic CMakeFiles/cmTC_3b66b.dir/CMakeCCompilerABI.c.o -o cmTC_3b66b ]
  ignore line: [Cray clang version 20.0.0  (95f64a80f3ee7b4a305f3014c51d36f78b24d91e)]
  ignore line: [Target: x86_64-unknown-linux-gnu]
  ignore line: [Thread model: posix]
  ignore line: [InstalledDir: /opt/cray/pe/cce/20.0.0/cce-clang/x86_64/bin]
  ignore line: [Build config: +assertions]
  ignore line: [Configuration file: /opt/cray/pe/cce/20.0.0/cce-clang/x86_64/bin/clang.cfg]
  ignore line: [Found candidate GCC installation: /opt/rh/gcc-toolset-13/root/usr/lib/gcc/x86_64-redhat-linux/13]
  ignore line: [Selected GCC installation: /opt/rh/gcc-toolset-13/root/usr/lib/gcc/x86_64-redhat-linux/13]
  ignore line: [Candidate multilib: .]
  ignore line: [@m64]
  ignore line: [Candidate multilib: 32]
  ignore line: [@m32]
  ignore line: [Selected multilib: .]
  ignore line: [@m64]
  ignore line: [Found HIP installation: /opt/rocm-7.2.1  version 7.2.53211]
  link line: [ "/opt/cray/pe/cce/20.0.0/cce-clang/x86_64/bin/ld.lld" --hash-style=gnu --eh-frame-hdr -m elf_x86_64 -dynamic-linker /lib64/ld-linux-x86-64.so.2 -o cmTC_3b66b /lib/../lib64/crt1.o /lib/../lib64/crti.o /opt/cray/pe/cce/20.0.0/cce-clang/x86_64/lib/clang/20/lib/linux/clang_rt.crtbegin-x86_64.o /opt/rh/gcc-toolset-13/root/usr/lib/gcc/x86_64-redhat-linux/13/crtfastmath.o -L/opt/cray/pe/mpich/9.0.1/ofi/cray/20.0/lib -L/opt/cray/pe/libsci/25.09.0/CRAY/20.0/x86_64/lib -L/opt/cray/pe/cce/20.0.0/cce/x86_64/lib/pkgconfig/../ -L/opt/rh/gcc-toolset-13/root/usr/lib/gcc/x86_64-redhat-linux/13 -L/opt/rh/gcc-toolset-13/root/usr/lib/gcc/x86_64-redhat-linux/13/../../../../lib64 -L/lib/../lib64 -L/usr/lib/../lib64 -L/lib -L/usr/lib -plugin-opt=mcpu=znver3 -plugin-opt=lto=0 -plugin-opt=defaults=cray -plugin-opt=mllvm=-cray-math-precision=none -rpath=/opt/cray/pe/cce/20.0.0/cce/x86_64/lib CMakeFiles/cmTC_3b66b.dir/CMakeCCompilerABI.c.o --as-needed -lsci_cray_mpi --no-as-needed --as-needed -lmpi_cray --no-as-needed --as-needed -lsci_cray --no-as-needed -ldl -lxpmem -lstdc++ --as-needed -lpgas-shmem --no-as-needed -lfi -lquadmath -lmodules -lfi -lcraymath -lf -lu -lcsup --as-needed -lpthread -latomic --no-as-needed --as-needed -lm --no-as-needed --disable-new-dtags /opt/cray/pe/cce/20.0.0/cce/x86_64/lib/no_mmap.o /opt/cray/pe/cce/20.0.0/cce-clang/x86_64/lib/clang/20/lib/linux/libclang_rt.builtins-x86_64.a --as-needed -L/opt/cray/pe/cce/20.0.0/cce-clang/x86_64/lib -rpath=/opt/cray/pe/cce/20.0.0/cce-clang/x86_64/lib /opt/cray/pe/cce/20.0.0/cce-clang/x86_64/lib/libunwind.so -lunwind --no-as-needed -lc /opt/cray/pe/cce/20.0.0/cce-clang/x86_64/lib/clang/20/lib/linux/libclang_rt.builtins-x86_64.a --as-needed -L/opt/cray/pe/cce/20.0.0/cce-clang/x86_64/lib -rpath=/opt/cray/pe/cce/20.0.0/cce-clang/x86_64/lib /opt/cray/pe/cce/20.0.0/cce-clang/x86_64/lib/libunwind.so -lunwind --no-as-needed /opt/cray/pe/cce/20.0.0/cce-clang/x86_64/lib/clang/20/lib/linux/clang_rt.crtend-x86_64.o /lib/../lib64/crtn.o]
    arg [/opt/cray/pe/cce/20.0.0/cce-clang/x86_64/bin/ld.lld] ==> ignore
    arg [--hash-style=gnu] ==> ignore
    arg [--eh-frame-hdr] ==> ignore
    arg [-m] ==> ignore
    arg [elf_x86_64] ==> ignore
    arg [-dynamic-linker] ==> ignore
    arg [/lib64/ld-linux-x86-64.so.2] ==> ignore
    arg [-o] ==> ignore
    arg [cmTC_3b66b] ==> ignore
    arg [/lib/../lib64/crt1.o] ==> obj [/lib/../lib64/crt1.o]
    arg [/lib/../lib64/crti.o] ==> obj [/lib/../lib64/crti.o]
    arg [/opt/cray/pe/cce/20.0.0/cce-clang/x86_64/lib/clang/20/lib/linux/clang_rt.crtbegin-x86_64.o] ==> obj [/opt/cray/pe/cce/20.0.0/cce-clang/x86_64/lib/clang/20/lib/linux/clang_rt.crtbegin-x86_64.o]
    arg [/opt/rh/gcc-toolset-13/root/usr/lib/gcc/x86_64-redhat-linux/13/crtfastmath.o] ==> obj [/opt/rh/gcc-toolset-13/root/usr/lib/gcc/x86_64-redhat-linux/13/crtfastmath.o]
    arg [-L/opt/cray/pe/mpich/9.0.1/ofi/cray/20.0/lib] ==> dir [/opt/cray/pe/mpich/9.0.1/ofi/cray/20.0/lib]
    arg [-L/opt/cray/pe/libsci/25.09.0/CRAY/20.0/x86_64/lib] ==> dir [/opt/cray/pe/libsci/25.09.0/CRAY/20.0/x86_64/lib]
    arg [-L/opt/cray/pe/cce/20.0.0/cce/x86_64/lib/pkgconfig/../] ==> dir [/opt/cray/pe/cce/20.0.0/cce/x86_64/lib/pkgconfig/../]
    arg [-L/opt/rh/gcc-toolset-13/root/usr/lib/gcc/x86_64-redhat-linux/13] ==> dir [/opt/rh/gcc-toolset-13/root/usr/lib/gcc/x86_64-redhat-linux/13]
    arg [-L/opt/rh/gcc-toolset-13/root/usr/lib/gcc/x86_64-redhat-linux/13/../../../../lib64] ==> dir [/opt/rh/gcc-toolset-13/root/usr/lib/gcc/x86_64-redhat-linux/13/../../../../lib64]
    arg [-L/lib/../lib64] ==> dir [/lib/../lib64]
    arg [-L/usr/lib/../lib64] ==> dir [/usr/lib/../lib64]
    arg [-L/lib] ==> dir [/lib]
    arg [-L/usr/lib] ==> dir [/usr/lib]
    arg [-plugin-opt=mcpu=znver3] ==> ignore
    arg [-plugin-opt=lto=0] ==> ignore
    arg [-plugin-opt=defaults=cray] ==> ignore
    arg [-plugin-opt=mllvm=-cray-math-precision=none] ==> ignore
    arg [-rpath=/opt/cray/pe/cce/20.0.0/cce/x86_64/lib] ==> ignore
    arg [CMakeFiles/cmTC_3b66b.dir/CMakeCCompilerABI.c.o] ==> ignore
    arg [--as-needed] ==> ignore
    arg [-lsci_cray_mpi] ==> lib [sci_cray_mpi]
    arg [--no-as-needed] ==> ignore
    arg [--as-needed] ==> ignore
    arg [-lmpi_cray] ==> lib [mpi_cray]
    arg [--no-as-needed] ==> ignore
    arg [--as-needed] ==> ignore
    arg [-lsci_cray] ==> lib [sci_cray]
    arg [--no-as-needed] ==> ignore
    arg [-ldl] ==> lib [dl]
    arg [-lxpmem] ==> lib [xpmem]
    arg [-lstdc++] ==> lib [stdc++]
    arg [--as-needed] ==> ignore
    arg [-lpgas-shmem] ==> lib [pgas-shmem]
    arg [--no-as-needed] ==> ignore
    arg [-lfi] ==> lib [fi]
    arg [-lquadmath] ==> lib [quadmath]
    arg [-lmodules] ==> lib [modules]
    arg [-lfi] ==> lib [fi]
    arg [-lcraymath] ==> lib [craymath]
    arg [-lf] ==> lib [f]
    arg [-lu] ==> lib [u]
    arg [-lcsup] ==> lib [csup]
    arg [--as-needed] ==> ignore
    arg [-lpthread] ==> lib [pthread]
    arg [-latomic] ==> lib [atomic]
    arg [--no-as-needed] ==> ignore
    arg [--as-needed] ==> ignore
    arg [-lm] ==> lib [m]
    arg [--no-as-needed] ==> ignore
    arg [--disable-new-dtags] ==> ignore
    arg [/opt/cray/pe/cce/20.0.0/cce/x86_64/lib/no_mmap.o] ==> obj [/opt/cray/pe/cce/20.0.0/cce/x86_64/lib/no_mmap.o]
    arg [/opt/cray/pe/cce/20.0.0/cce-clang/x86_64/lib/clang/20/lib/linux/libclang_rt.builtins-x86_64.a] ==> lib [/opt/cray/pe/cce/20.0.0/cce-clang/x86_64/lib/clang/20/lib/linux/libclang_rt.builtins-x86_64.a]
    arg [--as-needed] ==> ignore
    arg [-L/opt/cray/pe/cce/20.0.0/cce-clang/x86_64/lib] ==> dir [/opt/cray/pe/cce/20.0.0/cce-clang/x86_64/lib]
    arg [-rpath=/opt/cray/pe/cce/20.0.0/cce-clang/x86_64/lib] ==> ignore
    arg [/opt/cray/pe/cce/20.0.0/cce-clang/x86_64/lib/libunwind.so] ==> ignore
    arg [-lunwind] ==> lib [unwind]
    arg [--no-as-needed] ==> ignore
    arg [-lc] ==> lib [c]
    arg [/opt/cray/pe/cce/20.0.0/cce-clang/x86_64/lib/clang/20/lib/linux/libclang_rt.builtins-x86_64.a] ==> lib [/opt/cray/pe/cce/20.0.0/cce-clang/x86_64/lib/clang/20/lib/linux/libclang_rt.builtins-x86_64.a]
    arg [--as-needed] ==> ignore
    arg [-L/opt/cray/pe/cce/20.0.0/cce-clang/x86_64/lib] ==> dir [/opt/cray/pe/cce/20.0.0/cce-clang/x86_64/lib]
    arg [-rpath=/opt/cray/pe/cce/20.0.0/cce-clang/x86_64/lib] ==> ignore
    arg [/opt/cray/pe/cce/20.0.0/cce-clang/x86_64/lib/libunwind.so] ==> ignore
    arg [-lunwind] ==> lib [unwind]
    arg [--no-as-needed] ==> ignore
    arg [/opt/cray/pe/cce/20.0.0/cce-clang/x86_64/lib/clang/20/lib/linux/clang_rt.crtend-x86_64.o] ==> obj [/opt/cray/pe/cce/20.0.0/cce-clang/x86_64/lib/clang/20/lib/linux/clang_rt.crtend-x86_64.o]
    arg [/lib/../lib64/crtn.o] ==> obj [/lib/../lib64/crtn.o]
  remove lib [/opt/cray/pe/cce/20.0.0/cce-clang/x86_64/lib/clang/20/lib/linux/libclang_rt.builtins-x86_64.a]
  remove lib [/opt/cray/pe/cce/20.0.0/cce-clang/x86_64/lib/clang/20/lib/linux/libclang_rt.builtins-x86_64.a]
  collapse obj [/lib/../lib64/crt1.o] ==> [/lib64/crt1.o]
  collapse obj [/lib/../lib64/crti.o] ==> [/lib64/crti.o]
  collapse obj [/lib/../lib64/crtn.o] ==> [/lib64/crtn.o]
  collapse library dir [/opt/cray/pe/mpich/9.0.1/ofi/cray/20.0/lib] ==> [/opt/cray/pe/mpich/9.0.1/ofi/cray/20.0/lib]
  collapse library dir [/opt/cray/pe/libsci/25.09.0/CRAY/20.0/x86_64/lib] ==> [/opt/cray/pe/libsci/25.09.0/CRAY/20.0/x86_64/lib]
  collapse library dir [/opt/cray/pe/cce/20.0.0/cce/x86_64/lib/pkgconfig/../] ==> [/opt/cray/pe/cce/20.0.0/cce/x86_64/lib]
  collapse library dir [/opt/rh/gcc-toolset-13/root/usr/lib/gcc/x86_64-redhat-linux/13] ==> [/opt/rh/gcc-toolset-13/root/usr/lib/gcc/x86_64-redhat-linux/13]
  collapse library dir [/opt/rh/gcc-toolset-13/root/usr/lib/gcc/x86_64-redhat-linux/13/../../../../lib64] ==> [/opt/rh/gcc-toolset-13/root/usr/lib64]
  collapse library dir [/lib/../lib64] ==> [/lib64]
  collapse library dir [/usr/lib/../lib64] ==> [/usr/lib64]
  collapse library dir [/lib] ==> [/lib]
  collapse library dir [/usr/lib] ==> [/usr/lib]
  collapse library dir [/opt/cray/pe/cce/20.0.0/cce-clang/x86_64/lib] ==> [/opt/cray/pe/cce/20.0.0/cce-clang/x86_64/lib]
  collapse library dir [/opt/cray/pe/cce/20.0.0/cce-clang/x86_64/lib] ==> [/opt/cray/pe/cce/20.0.0/cce-clang/x86_64/lib]
  implicit libs: [sci_cray_mpi;mpi_cray;sci_cray;dl;xpmem;stdc++;pgas-shmem;fi;quadmath;modules;fi;craymath;f;u;csup;pthread;atomic;m;unwind;c;unwind]
  implicit objs: [/lib64/crt1.o;/lib64/crti.o;/opt/cray/pe/cce/20.0.0/cce-clang/x86_64/lib/clang/20/lib/linux/clang_rt.crtbegin-x86_64.o;/opt/rh/gcc-toolset-13/root/usr/lib/gcc/x86_64-redhat-linux/13/crtfastmath.o;/opt/cray/pe/cce/20.0.0/cce/x86_64/lib/no_mmap.o;/opt/cray/pe/cce/20.0.0/cce-clang/x86_64/lib/clang/20/lib/linux/clang_rt.crtend-x86_64.o;/lib64/crtn.o]
  implicit dirs: [/opt/cray/pe/mpich/9.0.1/ofi/cray/20.0/lib;/opt/cray/pe/libsci/25.09.0/CRAY/20.0/x86_64/lib;/opt/cray/pe/cce/20.0.0/cce/x86_64/lib;/opt/rh/gcc-toolset-13/root/usr/lib/gcc/x86_64-redhat-linux/13;/opt/rh/gcc-toolset-13/root/usr/lib64;/lib64;/usr/lib64;/lib;/usr/lib;/opt/cray/pe/cce/20.0.0/cce-clang/x86_64/lib]
  implicit fwks: []


Detecting CXX compiler ABI info compiled with the following output:
Change Dir: /g/g19/gupta23/XSBench/CMakeFiles/CMakeTmp

Run Build Command(s):/usr/bin/gmake -f Makefile cmTC_72293/fast && /usr/bin/gmake  -f CMakeFiles/cmTC_72293.dir/build.make CMakeFiles/cmTC_72293.dir/build
gmake[1]: Entering directory '/g/g19/gupta23/XSBench/CMakeFiles/CMakeTmp'
Building CXX object CMakeFiles/cmTC_72293.dir/CMakeCXXCompilerABI.cpp.o
/opt/cray/pe/craype/2.7.35/bin/CC   -v -MD -MT CMakeFiles/cmTC_72293.dir/CMakeCXXCompilerABI.cpp.o -MF CMakeFiles/cmTC_72293.dir/CMakeCXXCompilerABI.cpp.o.d -o CMakeFiles/cmTC_72293.dir/CMakeCXXCompilerABI.cpp.o -c /usr/tce/backend/installations/linux-rhel8-x86_64/gcc-8.3.1/cmake-3.24.2-ywx52e32uh6gkxzuyubpwkulzgdvxyh6/share/cmake-3.24/Modules/CMakeCXXCompilerABI.cpp
Cray clang version 20.0.0  (95f64a80f3ee7b4a305f3014c51d36f78b24d91e)
Target: x86_64-unknown-linux-gnu
Thread model: posix
InstalledDir: /opt/cray/pe/cce/20.0.0/cce-clang/x86_64/bin
Build config: +assertions
Configuration file: /opt/cray/pe/cce/20.0.0/cce-clang/x86_64/bin/clang++.cfg
Found candidate GCC installation: /opt/rh/gcc-toolset-13/root/usr/lib/gcc/x86_64-redhat-linux/13
Selected GCC installation: /opt/rh/gcc-toolset-13/root/usr/lib/gcc/x86_64-redhat-linux/13
Candidate multilib: .;@m64
Candidate multilib: 32;@m32
Selected multilib: .;@m64
Found HIP installation: /opt/rocm-7.2.1, version 7.2.53211
 (in-process)
 "/opt/cray/pe/cce/20.0.0/cce-clang/x86_64/bin/clang-20" -cc1 -triple x86_64-unknown-linux-gnu -mllvm -cray-omp-opt-fork-call -mllvm -cray-omp-parallel-opt-call -mllvm -cray-openmp-rename-outlined -fcray-gpu -flocal-restrict -mllvm -cray-enhanced-asm=1 -fenhanced-asm=1 -mllvm -cray-enhanced-ir=1 -fenhanced-ir=1 -fomp-local-offload-table -ffortran -emit-obj -disable-free -clear-ast-before-backend -main-file-name CMakeCXXCompilerABI.cpp -mrelocation-model static -mframe-pointer=all -fmath-errno -ffp-contract=on -fno-rounding-math -mconstructor-aliases -funwind-tables=2 -target-cpu znver3 -debugger-tuning=gdb -fdebug-compilation-dir=/g/g19/gupta23/XSBench/CMakeFiles/CMakeTmp -v -fcoverage-compilation-dir=/g/g19/gupta23/XSBench/CMakeFiles/CMakeTmp -resource-dir /opt/cray/pe/cce/20.0.0/cce-clang/x86_64/lib/clang/20 -dependency-file CMakeFiles/cmTC_72293.dir/CMakeCXXCompilerABI.cpp.o.d -MT CMakeFiles/cmTC_72293.dir/CMakeCXXCompilerABI.cpp.o -sys-header-deps -isystem /opt/cray/pe/cce/20.0.0/cce-clang/x86_64/lib/clang/20/include -isystem /opt/cray/pe/cce/20.0.0/cce/x86_64/include/craylibs -D __CRAY_X86_TRENTO -D __CRAY_NONE -D __CRAYXT_COMPUTE_LINUX_TARGET -I /opt/cray/pe/mpich/9.0.1/ofi/cray/20.0/include -I /opt/cray/pe/libsci/25.09.0/CRAY/20.0/x86_64/include -internal-isystem /opt/rh/gcc-toolset-13/root/usr/lib/gcc/x86_64-redhat-linux/13/../../../../include/c++/13 -internal-isystem /opt/rh/gcc-toolset-13/root/usr/lib/gcc/x86_64-redhat-linux/13/../../../../include/c++/13/x86_64-redhat-linux -internal-isystem /opt/rh/gcc-toolset-13/root/usr/lib/gcc/x86_64-redhat-linux/13/../../../../include/c++/13/backward -internal-isystem /opt/cray/pe/cce/20.0.0/cce-clang/x86_64/lib/clang/20/include -internal-isystem /usr/local/include -internal-isystem /opt/rh/gcc-toolset-13/root/usr/lib/gcc/x86_64-redhat-linux/13/../../../../x86_64-redhat-linux/include -internal-externc-isystem /include -internal-externc-isystem /usr/include -fdeprecated-macro -ferror-limit 19 -fgnuc-version=4.2.1 -fskip-odr-check-in-gmf -fcxx-exceptions -fexceptions -faddrsig -D__GCC_HAVE_DWARF2_CFI_ASM=1 -o CMakeFiles/cmTC_72293.dir/CMakeCXXCompilerABI.cpp.o -x c++ /usr/tce/backend/installations/linux-rhel8-x86_64/gcc-8.3.1/cmake-3.24.2-ywx52e32uh6gkxzuyubpwkulzgdvxyh6/share/cmake-3.24/Modules/CMakeCXXCompilerABI.cpp
clang -cc1 version 20.1.6 based upon LLVM 20.1.6 default target x86_64-unknown-linux-gnu
ignoring nonexistent directory "/opt/rh/gcc-toolset-13/root/usr/lib/gcc/x86_64-redhat-linux/13/../../../../x86_64-redhat-linux/include"
ignoring nonexistent directory "/include"
ignoring duplicate directory "/opt/cray/pe/cce/20.0.0/cce-clang/x86_64/lib/clang/20/include"
#include "..." search starts here:
#include <...> search starts here:
 /opt/cray/pe/mpich/9.0.1/ofi/cray/20.0/include
 /opt/cray/pe/libsci/25.09.0/CRAY/20.0/x86_64/include
 /opt/cray/pe/cce/20.0.0/cce-clang/x86_64/lib/clang/20/include
 /opt/cray/pe/cce/20.0.0/cce/x86_64/include/craylibs
 /opt/rh/gcc-toolset-13/root/usr/lib/gcc/x86_64-redhat-linux/13/../../../../include/c++/13
 /opt/rh/gcc-toolset-13/root/usr/lib/gcc/x86_64-redhat-linux/13/../../../../include/c++/13/x86_64-redhat-linux
 /opt/rh/gcc-toolset-13/root/usr/lib/gcc/x86_64-redhat-linux/13/../../../../include/c++/13/backward
 /usr/local/include
 /usr/include
End of search list.
Linking CXX executable cmTC_72293
/usr/tce/backend/installations/linux-rhel8-x86_64/gcc-8.3.1/cmake-3.24.2-ywx52e32uh6gkxzuyubpwkulzgdvxyh6/bin/cmake -E cmake_link_script CMakeFiles/cmTC_72293.dir/link.txt --verbose=1
/opt/cray/pe/craype/2.7.35/bin/CC  -v -dynamic CMakeFiles/cmTC_72293.dir/CMakeCXXCompilerABI.cpp.o -o cmTC_72293 
Cray clang version 20.0.0  (95f64a80f3ee7b4a305f3014c51d36f78b24d91e)
Target: x86_64-unknown-linux-gnu
Thread model: posix
InstalledDir: /opt/cray/pe/cce/20.0.0/cce-clang/x86_64/bin
Build config: +assertions
Configuration file: /opt/cray/pe/cce/20.0.0/cce-clang/x86_64/bin/clang++.cfg
Found candidate GCC installation: /opt/rh/gcc-toolset-13/root/usr/lib/gcc/x86_64-redhat-linux/13
Selected GCC installation: /opt/rh/gcc-toolset-13/root/usr/lib/gcc/x86_64-redhat-linux/13
Candidate multilib: .;@m64
Candidate multilib: 32;@m32
Selected multilib: .;@m64
Found HIP installation: /opt/rocm-7.2.1, version 7.2.53211
 "/opt/cray/pe/cce/20.0.0/cce-clang/x86_64/bin/ld.lld" --hash-style=gnu --eh-frame-hdr -m elf_x86_64 -dynamic-linker /lib64/ld-linux-x86-64.so.2 -o cmTC_72293 /lib/../lib64/crt1.o /lib/../lib64/crti.o /opt/cray/pe/cce/20.0.0/cce-clang/x86_64/lib/clang/20/lib/linux/clang_rt.crtbegin-x86_64.o /opt/rh/gcc-toolset-13/root/usr/lib/gcc/x86_64-redhat-linux/13/crtfastmath.o -L/opt/cray/pe/mpich/9.0.1/ofi/cray/20.0/lib -L/opt/cray/pe/libsci/25.09.0/CRAY/20.0/x86_64/lib -L/opt/cray/pe/cce/20.0.0/cce/x86_64/lib/pkgconfig/../ -L/opt/rh/gcc-toolset-13/root/usr/lib/gcc/x86_64-redhat-linux/13 -L/opt/rh/gcc-toolset-13/root/usr/lib/gcc/x86_64-redhat-linux/13/../../../../lib64 -L/lib/../lib64 -L/usr/lib/../lib64 -L/lib -L/usr/lib -plugin-opt=mcpu=znver3 -plugin-opt=lto=0 -plugin-opt=defaults=cray -plugin-opt=mllvm=-cray-math-precision=none -rpath=/opt/cray/pe/cce/20.0.0/cce/x86_64/lib CMakeFiles/cmTC_72293.dir/CMakeCXXCompilerABI.cpp.o --as-needed -lsci_cray_mpi --no-as-needed --as-needed -lmpi_cray --no-as-needed --as-needed -lsci_cray --no-as-needed -ldl -lxpmem -lstdc++ --as-needed -lpgas-shmem --no-as-needed -lfi -lquadmath -lmodules -lfi -lcraymath -lf -lu -lcsup --as-needed -lpthread -latomic --no-as-needed --as-needed -lm --no-as-needed --disable-new-dtags /opt/cray/pe/cce/20.0.0/cce/x86_64/lib/no_mmap.o -lstdc++ -lm /opt/cray/pe/cce/20.0.0/cce-clang/x86_64/lib/clang/20/lib/linux/libclang_rt.builtins-x86_64.a --as-needed -L/opt/cray/pe/cce/20.0.0/cce-clang/x86_64/lib -rpath=/opt/cray/pe/cce/20.0.0/cce-clang/x86_64/lib /opt/cray/pe/cce/20.0.0/cce-clang/x86_64/lib/libunwind.so -lunwind --no-as-needed -lc /opt/cray/pe/cce/20.0.0/cce-clang/x86_64/lib/clang/20/lib/linux/libclang_rt.builtins-x86_64.a --as-needed -L/opt/cray/pe/cce/20.0.0/cce-clang/x86_64/lib -rpath=/opt/cray/pe/cce/20.0.0/cce-clang/x86_64/lib /opt/cray/pe/cce/20.0.0/cce-clang/x86_64/lib/libunwind.so -lunwind --no-as-needed /opt/cray/pe/cce/20.0.0/cce-clang/x86_64/lib/clang/20/lib/linux/clang_rt.crtend-x86_64.o /lib/../lib64/crtn.o
gmake[1]: Leaving directory '/g/g19/gupta23/XSBench/CMakeFiles/CMakeTmp'



Parsed CXX implicit include dir info from above output: rv=done
  found start of include info
  found start of implicit include info
    add: [/opt/cray/pe/mpich/9.0.1/ofi/cray/20.0/include]
    add: [/opt/cray/pe/libsci/25.09.0/CRAY/20.0/x86_64/include]
    add: [/opt/cray/pe/cce/20.0.0/cce-clang/x86_64/lib/clang/20/include]
    add: [/opt/cray/pe/cce/20.0.0/cce/x86_64/include/craylibs]
    add: [/opt/rh/gcc-toolset-13/root/usr/lib/gcc/x86_64-redhat-linux/13/../../../../include/c++/13]
    add: [/opt/rh/gcc-toolset-13/root/usr/lib/gcc/x86_64-redhat-linux/13/../../../../include/c++/13/x86_64-redhat-linux]
    add: [/opt/rh/gcc-toolset-13/root/usr/lib/gcc/x86_64-redhat-linux/13/../../../../include/c++/13/backward]
    add: [/usr/local/include]
    add: [/usr/include]
  end of search list found
  collapse include dir [/opt/cray/pe/mpich/9.0.1/ofi/cray/20.0/include] ==> [/opt/cray/pe/mpich/9.0.1/ofi/cray/20.0/include]
  collapse include dir [/opt/cray/pe/libsci/25.09.0/CRAY/20.0/x86_64/include] ==> [/opt/cray/pe/libsci/25.09.0/CRAY/20.0/x86_64/include]
  collapse include dir [/opt/cray/pe/cce/20.0.0/cce-clang/x86_64/lib/clang/20/include] ==> [/opt/cray/pe/cce/20.0.0/cce-clang/x86_64/lib/clang/20/include]
  collapse include dir [/opt/cray/pe/cce/20.0.0/cce/x86_64/include/craylibs] ==> [/opt/cray/pe/cce/20.0.0/cce/x86_64/include/craylibs]
  collapse include dir [/opt/rh/gcc-toolset-13/root/usr/lib/gcc/x86_64-redhat-linux/13/../../../../include/c++/13] ==> [/opt/rh/gcc-toolset-13/root/usr/include/c++/13]
  collapse include dir [/opt/rh/gcc-toolset-13/root/usr/lib/gcc/x86_64-redhat-linux/13/../../../../include/c++/13/x86_64-redhat-linux] ==> [/opt/rh/gcc-toolset-13/root/usr/include/c++/13/x86_64-redhat-linux]
  collapse include dir [/opt/rh/gcc-toolset-13/root/usr/lib/gcc/x86_64-redhat-linux/13/../../../../include/c++/13/backward] ==> [/opt/rh/gcc-toolset-13/root/usr/include/c++/13/backward]
  collapse include dir [/usr/local/include] ==> [/usr/local/include]
  collapse include dir [/usr/include] ==> [/usr/include]
  implicit include dirs: [/opt/cray/pe/mpich/9.0.1/ofi/cray/20.0/include;/opt/cray/pe/libsci/25.09.0/CRAY/20.0/x86_64/include;/opt/cray/pe/cce/20.0.0/cce-clang/x86_64/lib/clang/20/include;/opt/cray/pe/cce/20.0.0/cce/x86_64/include/craylibs;/opt/rh/gcc-toolset-13/root/usr/include/c++/13;/opt/rh/gcc-toolset-13/root/usr/include/c++/13/x86_64-redhat-linux;/opt/rh/gcc-toolset-13/root/usr/include/c++/13/backward;/usr/local/include;/usr/include]


Parsed CXX implicit link information from above output:
  link line regex: [^( *|.*[/\])(ld\.lld|CMAKE_LINK_STARTFILE-NOTFOUND|([^/\]+-)?ld|collect2)[^/\]*( |$)]
  ignore line: [Change Dir: /g/g19/gupta23/XSBench/CMakeFiles/CMakeTmp]
  ignore line: []
  ignore line: [Run Build Command(s):/usr/bin/gmake -f Makefile cmTC_72293/fast && /usr/bin/gmake  -f CMakeFiles/cmTC_72293.dir/build.make CMakeFiles/cmTC_72293.dir/build]
  ignore line: [gmake[1]: Entering directory '/g/g19/gupta23/XSBench/CMakeFiles/CMakeTmp']
  ignore line: [Building CXX object CMakeFiles/cmTC_72293.dir/CMakeCXXCompilerABI.cpp.o]
  ignore line: [/opt/cray/pe/craype/2.7.35/bin/CC   -v -MD -MT CMakeFiles/cmTC_72293.dir/CMakeCXXCompilerABI.cpp.o -MF CMakeFiles/cmTC_72293.dir/CMakeCXXCompilerABI.cpp.o.d -o CMakeFiles/cmTC_72293.dir/CMakeCXXCompilerABI.cpp.o -c /usr/tce/backend/installations/linux-rhel8-x86_64/gcc-8.3.1/cmake-3.24.2-ywx52e32uh6gkxzuyubpwkulzgdvxyh6/share/cmake-3.24/Modules/CMakeCXXCompilerABI.cpp]
  ignore line: [Cray clang version 20.0.0  (95f64a80f3ee7b4a305f3014c51d36f78b24d91e)]
  ignore line: [Target: x86_64-unknown-linux-gnu]
  ignore line: [Thread model: posix]
  ignore line: [InstalledDir: /opt/cray/pe/cce/20.0.0/cce-clang/x86_64/bin]
  ignore line: [Build config: +assertions]
  ignore line: [Configuration file: /opt/cray/pe/cce/20.0.0/cce-clang/x86_64/bin/clang++.cfg]
  ignore line: [Found candidate GCC installation: /opt/rh/gcc-toolset-13/root/usr/lib/gcc/x86_64-redhat-linux/13]
  ignore line: [Selected GCC installation: /opt/rh/gcc-toolset-13/root/usr/lib/gcc/x86_64-redhat-linux/13]
  ignore line: [Candidate multilib: .]
  ignore line: [@m64]
  ignore line: [Candidate multilib: 32]
  ignore line: [@m32]
  ignore line: [Selected multilib: .]
  ignore line: [@m64]
  ignore line: [Found HIP installation: /opt/rocm-7.2.1  version 7.2.53211]
  ignore line: [ (in-process)]
  ignore line: [ "/opt/cray/pe/cce/20.0.0/cce-clang/x86_64/bin/clang-20" -cc1 -triple x86_64-unknown-linux-gnu -mllvm -cray-omp-opt-fork-call -mllvm -cray-omp-parallel-opt-call -mllvm -cray-openmp-rename-outlined -fcray-gpu -flocal-restrict -mllvm -cray-enhanced-asm=1 -fenhanced-asm=1 -mllvm -cray-enhanced-ir=1 -fenhanced-ir=1 -fomp-local-offload-table -ffortran -emit-obj -disable-free -clear-ast-before-backend -main-file-name CMakeCXXCompilerABI.cpp -mrelocation-model static -mframe-pointer=all -fmath-errno -ffp-contract=on -fno-rounding-math -mconstructor-aliases -funwind-tables=2 -target-cpu znver3 -debugger-tuning=gdb -fdebug-compilation-dir=/g/g19/gupta23/XSBench/CMakeFiles/CMakeTmp -v -fcoverage-compilation-dir=/g/g19/gupta23/XSBench/CMakeFiles/CMakeTmp -resource-dir /opt/cray/pe/cce/20.0.0/cce-clang/x86_64/lib/clang/20 -dependency-file CMakeFiles/cmTC_72293.dir/CMakeCXXCompilerABI.cpp.o.d -MT CMakeFiles/cmTC_72293.dir/CMakeCXXCompilerABI.cpp.o -sys-header-deps -isystem /opt/cray/pe/cce/20.0.0/cce-clang/x86_64/lib/clang/20/include -isystem /opt/cray/pe/cce/20.0.0/cce/x86_64/include/craylibs -D __CRAY_X86_TRENTO -D __CRAY_NONE -D __CRAYXT_COMPUTE_LINUX_TARGET -I /opt/cray/pe/mpich/9.0.1/ofi/cray/20.0/include -I /opt/cray/pe/libsci/25.09.0/CRAY/20.0/x86_64/include -internal-isystem /opt/rh/gcc-toolset-13/root/usr/lib/gcc/x86_64-redhat-linux/13/../../../../include/c++/13 -internal-isystem /opt/rh/gcc-toolset-13/root/usr/lib/gcc/x86_64-redhat-linux/13/../../../../include/c++/13/x86_64-redhat-linux -internal-isystem /opt/rh/gcc-toolset-13/root/usr/lib/gcc/x86_64-redhat-linux/13/../../../../include/c++/13/backward -internal-isystem /opt/cray/pe/cce/20.0.0/cce-clang/x86_64/lib/clang/20/include -internal-isystem /usr/local/include -internal-isystem /opt/rh/gcc-toolset-13/root/usr/lib/gcc/x86_64-redhat-linux/13/../../../../x86_64-redhat-linux/include -internal-externc-isystem /include -internal-externc-isystem /usr/include -fdeprecated-macro -ferror-limit 19 -fgnuc-version=4.2.1 -fskip-odr-check-in-gmf -fcxx-exceptions -fexceptions -faddrsig -D__GCC_HAVE_DWARF2_CFI_ASM=1 -o CMakeFiles/cmTC_72293.dir/CMakeCXXCompilerABI.cpp.o -x c++ /usr/tce/backend/installations/linux-rhel8-x86_64/gcc-8.3.1/cmake-3.24.2-ywx52e32uh6gkxzuyubpwkulzgdvxyh6/share/cmake-3.24/Modules/CMakeCXXCompilerABI.cpp]
  ignore line: [clang -cc1 version 20.1.6 based upon LLVM 20.1.6 default target x86_64-unknown-linux-gnu]
  ignore line: [ignoring nonexistent directory "/opt/rh/gcc-toolset-13/root/usr/lib/gcc/x86_64-redhat-linux/13/../../../../x86_64-redhat-linux/include"]
  ignore line: [ignoring nonexistent directory "/include"]
  ignore line: [ignoring duplicate directory "/opt/cray/pe/cce/20.0.0/cce-clang/x86_64/lib/clang/20/include"]
  ignore line: [#include "..." search starts here:]
  ignore line: [#include <...> search starts here:]
  ignore line: [ /opt/cray/pe/mpich/9.0.1/ofi/cray/20.0/include]
  ignore line: [ /opt/cray/pe/libsci/25.09.0/CRAY/20.0/x86_64/include]
  ignore line: [ /opt/cray/pe/cce/20.0.0/cce-clang/x86_64/lib/clang/20/include]
  ignore line: [ /opt/cray/pe/cce/20.0.0/cce/x86_64/include/craylibs]
  ignore line: [ /opt/rh/gcc-toolset-13/root/usr/lib/gcc/x86_64-redhat-linux/13/../../../../include/c++/13]
  ignore line: [ /opt/rh/gcc-toolset-13/root/usr/lib/gcc/x86_64-redhat-linux/13/../../../../include/c++/13/x86_64-redhat-linux]
  ignore line: [ /opt/rh/gcc-toolset-13/root/usr/lib/gcc/x86_64-redhat-linux/13/../../../../include/c++/13/backward]
  ignore line: [ /usr/local/include]
  ignore line: [ /usr/include]
  ignore line: [End of search list.]
  ignore line: [Linking CXX executable cmTC_72293]
  ignore line: [/usr/tce/backend/installations/linux-rhel8-x86_64/gcc-8.3.1/cmake-3.24.2-ywx52e32uh6gkxzuyubpwkulzgdvxyh6/bin/cmake -E cmake_link_script CMakeFiles/cmTC_72293.dir/link.txt --verbose=1]
  ignore line: [/opt/cray/pe/craype/2.7.35/bin/CC  -v -dynamic CMakeFiles/cmTC_72293.dir/CMakeCXXCompilerABI.cpp.o -o cmTC_72293 ]
  ignore line: [Cray clang version 20.0.0  (95f64a80f3ee7b4a305f3014c51d36f78b24d91e)]
  ignore line: [Target: x86_64-unknown-linux-gnu]
  ignore line: [Thread model: posix]
  ignore line: [InstalledDir: /opt/cray/pe/cce/20.0.0/cce-clang/x86_64/bin]
  ignore line: [Build config: +assertions]
  ignore line: [Configuration file: /opt/cray/pe/cce/20.0.0/cce-clang/x86_64/bin/clang++.cfg]
  ignore line: [Found candidate GCC installation: /opt/rh/gcc-toolset-13/root/usr/lib/gcc/x86_64-redhat-linux/13]
  ignore line: [Selected GCC installation: /opt/rh/gcc-toolset-13/root/usr/lib/gcc/x86_64-redhat-linux/13]
  ignore line: [Candidate multilib: .]
  ignore line: [@m64]
  ignore line: [Candidate multilib: 32]
  ignore line: [@m32]
  ignore line: [Selected multilib: .]
  ignore line: [@m64]
  ignore line: [Found HIP installation: /opt/rocm-7.2.1  version 7.2.53211]
  link line: [ "/opt/cray/pe/cce/20.0.0/cce-clang/x86_64/bin/ld.lld" --hash-style=gnu --eh-frame-hdr -m elf_x86_64 -dynamic-linker /lib64/ld-linux-x86-64.so.2 -o cmTC_72293 /lib/../lib64/crt1.o /lib/../lib64/crti.o /opt/cray/pe/cce/20.0.0/cce-clang/x86_64/lib/clang/20/lib/linux/clang_rt.crtbegin-x86_64.o /opt/rh/gcc-toolset-13/root/usr/lib/gcc/x86_64-redhat-linux/13/crtfastmath.o -L/opt/cray/pe/mpich/9.0.1/ofi/cray/20.0/lib -L/opt/cray/pe/libsci/25.09.0/CRAY/20.0/x86_64/lib -L/opt/cray/pe/cce/20.0.0/cce/x86_64/lib/pkgconfig/../ -L/opt/rh/gcc-toolset-13/root/usr/lib/gcc/x86_64-redhat-linux/13 -L/opt/rh/gcc-toolset-13/root/usr/lib/gcc/x86_64-redhat-linux/13/../../../../lib64 -L/lib/../lib64 -L/usr/lib/../lib64 -L/lib -L/usr/lib -plugin-opt=mcpu=znver3 -plugin-opt=lto=0 -plugin-opt=defaults=cray -plugin-opt=mllvm=-cray-math-precision=none -rpath=/opt/cray/pe/cce/20.0.0/cce/x86_64/lib CMakeFiles/cmTC_72293.dir/CMakeCXXCompilerABI.cpp.o --as-needed -lsci_cray_mpi --no-as-needed --as-needed -lmpi_cray --no-as-needed --as-needed -lsci_cray --no-as-needed -ldl -lxpmem -lstdc++ --as-needed -lpgas-shmem --no-as-needed -lfi -lquadmath -lmodules -lfi -lcraymath -lf -lu -lcsup --as-needed -lpthread -latomic --no-as-needed --as-needed -lm --no-as-needed --disable-new-dtags /opt/cray/pe/cce/20.0.0/cce/x86_64/lib/no_mmap.o -lstdc++ -lm /opt/cray/pe/cce/20.0.0/cce-clang/x86_64/lib/clang/20/lib/linux/libclang_rt.builtins-x86_64.a --as-needed -L/opt/cray/pe/cce/20.0.0/cce-clang/x86_64/lib -rpath=/opt/cray/pe/cce/20.0.0/cce-clang/x86_64/lib /opt/cray/pe/cce/20.0.0/cce-clang/x86_64/lib/libunwind.so -lunwind --no-as-needed -lc /opt/cray/pe/cce/20.0.0/cce-clang/x86_64/lib/clang/20/lib/linux/libclang_rt.builtins-x86_64.a --as-needed -L/opt/cray/pe/cce/20.0.0/cce-clang/x86_64/lib -rpath=/opt/cray/pe/cce/20.0.0/cce-clang/x86_64/lib /opt/cray/pe/cce/20.0.0/cce-clang/x86_64/lib/libunwind.so -lunwind --no-as-needed /opt/cray/pe/cce/20.0.0/cce-clang/x86_64/lib/clang/20/lib/linux/clang_rt.crtend-x86_64.o /lib/../lib64/crtn.o]
    arg [/opt/cray/pe/cce/20.0.0/cce-clang/x86_64/bin/ld.lld] ==> ignore
    arg [--hash-style=gnu] ==> ignore
    arg [--eh-frame-hdr] ==> ignore
    arg [-m] ==> ignore
    arg [elf_x86_64] ==> ignore
    arg [-dynamic-linker] ==> ignore
    arg [/lib64/ld-linux-x86-64.so.2] ==> ignore
    arg [-o] ==> ignore
    arg [cmTC_72293] ==> ignore
    arg [/lib/../lib64/crt1.o] ==> obj [/lib/../lib64/crt1.o]
    arg [/lib/../lib64/crti.o] ==> obj [/lib/../lib64/crti.o]
    arg [/opt/cray/pe/cce/20.0.0/cce-clang/x86_64/lib/clang/20/lib/linux/clang_rt.crtbegin-x86_64.o] ==> obj [/opt/cray/pe/cce/20.0.0/cce-clang/x86_64/lib/clang/20/lib/linux/clang_rt.crtbegin-x86_64.o]
    arg [/opt/rh/gcc-toolset-13/root/usr/lib/gcc/x86_64-redhat-linux/13/crtfastmath.o] ==> obj [/opt/rh/gcc-toolset-13/root/usr/lib/gcc/x86_64-redhat-linux/13/crtfastmath.o]
    arg [-L/opt/cray/pe/mpich/9.0.1/ofi/cray/20.0/lib] ==> dir [/opt/cray/pe/mpich/9.0.1/ofi/cray/20.0/lib]
    arg [-L/opt/cray/pe/libsci/25.09.0/CRAY/20.0/x86_64/lib] ==> dir [/opt/cray/pe/libsci/25.09.0/CRAY/20.0/x86_64/lib]
    arg [-L/opt/cray/pe/cce/20.0.0/cce/x86_64/lib/pkgconfig/../] ==> dir [/opt/cray/pe/cce/20.0.0/cce/x86_64/lib/pkgconfig/../]
    arg [-L/opt/rh/gcc-toolset-13/root/usr/lib/gcc/x86_64-redhat-linux/13] ==> dir [/opt/rh/gcc-toolset-13/root/usr/lib/gcc/x86_64-redhat-linux/13]
    arg [-L/opt/rh/gcc-toolset-13/root/usr/lib/gcc/x86_64-redhat-linux/13/../../../../lib64] ==> dir [/opt/rh/gcc-toolset-13/root/usr/lib/gcc/x86_64-redhat-linux/13/../../../../lib64]
    arg [-L/lib/../lib64] ==> dir [/lib/../lib64]
    arg [-L/usr/lib/../lib64] ==> dir [/usr/lib/../lib64]
    arg [-L/lib] ==> dir [/lib]
    arg [-L/usr/lib] ==> dir [/usr/lib]
    arg [-plugin-opt=mcpu=znver3] ==> ignore
    arg [-plugin-opt=lto=0] ==> ignore
    arg [-plugin-opt=defaults=cray] ==> ignore
    arg [-plugin-opt=mllvm=-cray-math-precision=none] ==> ignore
    arg [-rpath=/opt/cray/pe/cce/20.0.0/cce/x86_64/lib] ==> ignore
    arg [CMakeFiles/cmTC_72293.dir/CMakeCXXCompilerABI.cpp.o] ==> ignore
    arg [--as-needed] ==> ignore
    arg [-lsci_cray_mpi] ==> lib [sci_cray_mpi]
    arg [--no-as-needed] ==> ignore
    arg [--as-needed] ==> ignore
    arg [-lmpi_cray] ==> lib [mpi_cray]
    arg [--no-as-needed] ==> ignore
    arg [--as-needed] ==> ignore
    arg [-lsci_cray] ==> lib [sci_cray]
    arg [--no-as-needed] ==> ignore
    arg [-ldl] ==> lib [dl]
    arg [-lxpmem] ==> lib [xpmem]
    arg [-lstdc++] ==> lib [stdc++]
    arg [--as-needed] ==> ignore
    arg [-lpgas-shmem] ==> lib [pgas-shmem]
    arg [--no-as-needed] ==> ignore
    arg [-lfi] ==> lib [fi]
    arg [-lquadmath] ==> lib [quadmath]
    arg [-lmodules] ==> lib [modules]
    arg [-lfi] ==> lib [fi]
    arg [-lcraymath] ==> lib [craymath]
    arg [-lf] ==> lib [f]
    arg [-lu] ==> lib [u]
    arg [-lcsup] ==> lib [csup]
    arg [--as-needed] ==> ignore
    arg [-lpthread] ==> lib [pthread]
    arg [-latomic] ==> lib [atomic]
    arg [--no-as-needed] ==> ignore
    arg [--as-needed] ==> ignore
    arg [-lm] ==> lib [m]
    arg [--no-as-needed] ==> ignore
    arg [--disable-new-dtags] ==> ignore
    arg [/opt/cray/pe/cce/20.0.0/cce/x86_64/lib/no_mmap.o] ==> obj [/opt/cray/pe/cce/20.0.0/cce/x86_64/lib/no_mmap.o]
    arg [-lstdc++] ==> lib [stdc++]
    arg [-lm] ==> lib [m]
    arg [/opt/cray/pe/cce/20.0.0/cce-clang/x86_64/lib/clang/20/lib/linux/libclang_rt.builtins-x86_64.a] ==> lib [/opt/cray/pe/cce/20.0.0/cce-clang/x86_64/lib/clang/20/lib/linux/libclang_rt.builtins-x86_64.a]
    arg [--as-needed] ==> ignore
    arg [-L/opt/cray/pe/cce/20.0.0/cce-clang/x86_64/lib] ==> dir [/opt/cray/pe/cce/20.0.0/cce-clang/x86_64/lib]
    arg [-rpath=/opt/cray/pe/cce/20.0.0/cce-clang/x86_64/lib] ==> ignore
    arg [/opt/cray/pe/cce/20.0.0/cce-clang/x86_64/lib/libunwind.so] ==> ignore
    arg [-lunwind] ==> lib [unwind]
    arg [--no-as-needed] ==> ignore
    arg [-lc] ==> lib [c]
    arg [/opt/cray/pe/cce/20.0.0/cce-clang/x86_64/lib/clang/20/lib/linux/libclang_rt.builtins-x86_64.a] ==> lib [/opt/cray/pe/cce/20.0.0/cce-clang/x86_64/lib/clang/20/lib/linux/libclang_rt.builtins-x86_64.a]
    arg [--as-needed] ==> ignore
    arg [-L/opt/cray/pe/cce/20.0.0/cce-clang/x86_64/lib] ==> dir [/opt/cray/pe/cce/20.0.0/cce-clang/x86_64/lib]
    arg [-rpath=/opt/cray/pe/cce/20.0.0/cce-clang/x86_64/lib] ==> ignore
    arg [/opt/cray/pe/cce/20.0.0/cce-clang/x86_64/lib/libunwind.so] ==> ignore
    arg [-lunwind] ==> lib [unwind]
    arg [--no-as-needed] ==> ignore
    arg [/opt/cray/pe/cce/20.0.0/cce-clang/x86_64/lib/clang/20/lib/linux/clang_rt.crtend-x86_64.o] ==> obj [/opt/cray/pe/cce/20.0.0/cce-clang/x86_64/lib/clang/20/lib/linux/clang_rt.crtend-x86_64.o]
    arg [/lib/../lib64/crtn.o] ==> obj [/lib/../lib64/crtn.o]
  remove lib [/opt/cray/pe/cce/20.0.0/cce-clang/x86_64/lib/clang/20/lib/linux/libclang_rt.builtins-x86_64.a]
  remove lib [/opt/cray/pe/cce/20.0.0/cce-clang/x86_64/lib/clang/20/lib/linux/libclang_rt.builtins-x86_64.a]
  collapse obj [/lib/../lib64/crt1.o] ==> [/lib64/crt1.o]
  collapse obj [/lib/../lib64/crti.o] ==> [/lib64/crti.o]
  collapse obj [/lib/../lib64/crtn.o] ==> [/lib64/crtn.o]
  collapse library dir [/opt/cray/pe/mpich/9.0.1/ofi/cray/20.0/lib] ==> [/opt/cray/pe/mpich/9.0.1/ofi/cray/20.0/lib]
  collapse library dir [/opt/cray/pe/libsci/25.09.0/CRAY/20.0/x86_64/lib] ==> [/opt/cray/pe/libsci/25.09.0/CRAY/20.0/x86_64/lib]
  collapse library dir [/opt/cray/pe/cce/20.0.0/cce/x86_64/lib/pkgconfig/../] ==> [/opt/cray/pe/cce/20.0.0/cce/x86_64/lib]
  collapse library dir [/opt/rh/gcc-toolset-13/root/usr/lib/gcc/x86_64-redhat-linux/13] ==> [/opt/rh/gcc-toolset-13/root/usr/lib/gcc/x86_64-redhat-linux/13]
  collapse library dir [/opt/rh/gcc-toolset-13/root/usr/lib/gcc/x86_64-redhat-linux/13/../../../../lib64] ==> [/opt/rh/gcc-toolset-13/root/usr/lib64]
  collapse library dir [/lib/../lib64] ==> [/lib64]
  collapse library dir [/usr/lib/../lib64] ==> [/usr/lib64]
  collapse library dir [/lib] ==> [/lib]
  collapse library dir [/usr/lib] ==> [/usr/lib]
  collapse library dir [/opt/cray/pe/cce/20.0.0/cce-clang/x86_64/lib] ==> [/opt/cray/pe/cce/20.0.0/cce-clang/x86_64/lib]
  collapse library dir [/opt/cray/pe/cce/20.0.0/cce-clang/x86_64/lib] ==> [/opt/cray/pe/cce/20.0.0/cce-clang/x86_64/lib]
  implicit libs: [sci_cray_mpi;mpi_cray;sci_cray;dl;xpmem;stdc++;pgas-shmem;fi;quadmath;modules;fi;craymath;f;u;csup;pthread;atomic;m;stdc++;m;unwind;c;unwind]
  implicit objs: [/lib64/crt1.o;/lib64/crti.o;/opt/cray/pe/cce/20.0.0/cce-clang/x86_64/lib/clang/20/lib/linux/clang_rt.crtbegin-x86_64.o;/opt/rh/gcc-toolset-13/root/usr/lib/gcc/x86_64-redhat-linux/13/crtfastmath.o;/opt/cray/pe/cce/20.0.0/cce/x86_64/lib/no_mmap.o;/opt/cray/pe/cce/20.0.0/cce-clang/x86_64/lib/clang/20/lib/linux/clang_rt.crtend-x86_64.o;/lib64/crtn.o]
  implicit dirs: [/opt/cray/pe/mpich/9.0.1/ofi/cray/20.0/lib;/opt/cray/pe/libsci/25.09.0/CRAY/20.0/x86_64/lib;/opt/cray/pe/cce/20.0.0/cce/x86_64/lib;/opt/rh/gcc-toolset-13/root/usr/lib/gcc/x86_64-redhat-linux/13;/opt/rh/gcc-toolset-13/root/usr/lib64;/lib64;/usr/lib64;/lib;/usr/lib;/opt/cray/pe/cce/20.0.0/cce-clang/x86_64/lib]
  implicit fwks: []


Compiling the HIP compiler identification source file "CMakeHIPCompilerId.hip" succeeded.
Compiler: /usr/lib64/ccache/clang++ 
Build flags: 
Id flags: -v 

The output was:
0
clang version 21.1.8 ( 21.1.8-1.module+el8.10.0+23969+c061985f)
Target: x86_64-redhat-linux-gnu
Thread model: posix
InstalledDir: /usr/bin
Configuration file: /etc/clang/x86_64-redhat-linux-gnu-clang++.cfg
System configuration file directory: /etc/clang/
Selected GCC installation: /opt/rh/gcc-toolset-15/root//usr/lib/gcc/x86_64-redhat-linux/15
Candidate multilib: .;@m64
Candidate multilib: 32;@m32
Selected multilib: .;@m64
Found HIP installation: /opt/rocm-7.2.1, version 7.2.53211
 "/usr/bin/clang-21" -cc1 -triple amdgcn-amd-amdhsa -aux-triple x86_64-redhat-linux-gnu -Werror=atomic-alignment -emit-obj -dumpdir a- -disable-free -clear-ast-before-backend -disable-llvm-verifier -discard-value-names -main-file-name CMakeHIPCompilerId.hip -mrelocation-model pic -pic-level 2 -fhalf-no-semantic-interposition -mframe-pointer=all -fno-rounding-math -mconstructor-aliases -aux-target-cpu x86-64 -fcuda-is-device -fno-threadsafe-statics -mllvm -amdgpu-internalize-symbols -fcuda-allow-variadic-functions -fvisibility=hidden -fapply-global-visibility-to-externs -mlink-builtin-bitcode /opt/rocm-7.2.1/amdgcn/bitcode/ocml.bc -mlink-builtin-bitcode /opt/rocm-7.2.1/amdgcn/bitcode/ockl.bc -mlink-builtin-bitcode /opt/rocm-7.2.1/amdgcn/bitcode/oclc_daz_opt_off.bc -mlink-builtin-bitcode /opt/rocm-7.2.1/amdgcn/bitcode/oclc_unsafe_math_off.bc -mlink-builtin-bitcode /opt/rocm-7.2.1/amdgcn/bitcode/oclc_finite_only_off.bc -mlink-builtin-bitcode /opt/rocm-7.2.1/amdgcn/bitcode/oclc_correctly_rounded_sqrt_on.bc -mlink-builtin-bitcode /opt/rocm-7.2.1/amdgcn/bitcode/oclc_wavefrontsize64_on.bc -mlink-builtin-bitcode /opt/rocm-7.2.1/amdgcn/bitcode/oclc_isa_version_906.bc -mlink-builtin-bitcode /opt/rocm-7.2.1/amdgcn/bitcode/oclc_abi_version_600.bc -target-cpu gfx906 -dwarf-version=4 -debugger-tuning=gdb -fdebug-compilation-dir=/g/g19/gupta23/XSBench/CMakeFiles/3.24.2/CompilerIdHIP -v -fcoverage-compilation-dir=/g/g19/gupta23/XSBench/CMakeFiles/3.24.2/CompilerIdHIP -resource-dir /usr/bin/../lib/clang/21 -internal-isystem /usr/bin/../lib/clang/21/include/cuda_wrappers -idirafter /opt/rocm-7.2.1/include -include __clang_hip_runtime_wrapper.h -internal-isystem /opt/rh/gcc-toolset-15/root//usr/lib/gcc/x86_64-redhat-linux/15/../../../../include/c++/15 -internal-isystem /opt/rh/gcc-toolset-15/root//usr/lib/gcc/x86_64-redhat-linux/15/../../../../include/c++/15/x86_64-redhat-linux -internal-isystem /opt/rh/gcc-toolset-15/root//usr/lib/gcc/x86_64-redhat-linux/15/../../../../include/c++/15/backward -internal-isystem /opt/rh/gcc-toolset-15/root//usr/lib/gcc/x86_64-redhat-linux/15/../../../../include/c++/15 -internal-isystem /opt/rh/gcc-toolset-15/root//usr/lib/gcc/x86_64-redhat-linux/15/../../../../include/c++/15/x86_64-redhat-linux -internal-isystem /opt/rh/gcc-toolset-15/root//usr/lib/gcc/x86_64-redhat-linux/15/../../../../include/c++/15/backward -internal-isystem /usr/bin/../lib/clang/21/include -internal-isystem /usr/local/include -internal-isystem /opt/rh/gcc-toolset-15/root//usr/lib/gcc/x86_64-redhat-linux/15/../../../../x86_64-redhat-linux/include -internal-externc-isystem /include -internal-externc-isystem /usr/include -internal-isystem /usr/bin/../lib/clang/21/include -internal-isystem /usr/local/include -internal-isystem /opt/rh/gcc-toolset-15/root//usr/lib/gcc/x86_64-redhat-linux/15/../../../../x86_64-redhat-linux/include -internal-externc-isystem /include -internal-externc-isystem /usr/include -fdeprecated-macro -fno-autolink -ferror-limit 19 -fhip-new-launch-api -fgnuc-version=4.2.1 -fskip-odr-check-in-gmf -fcxx-exceptions -fexceptions -cuid=f7cd3a26ec0d838e -fcuda-allow-variadic-functions -faddrsig -D__GCC_HAVE_DWARF2_CFI_ASM=1 -o /var/tmp/gupta23/CMakeHIPCompilerId-gfx906-374567.o -x hip CMakeHIPCompilerId.hip
clang -cc1 version 21.1.8 based upon LLVM 21.1.8 default target x86_64-redhat-linux-gnu
ignoring nonexistent directory "/opt/rh/gcc-toolset-15/root//usr/lib/gcc/x86_64-redhat-linux/15/../../../../x86_64-redhat-linux/include"
ignoring nonexistent directory "/include"
ignoring nonexistent directory "/opt/rh/gcc-toolset-15/root//usr/lib/gcc/x86_64-redhat-linux/15/../../../../x86_64-redhat-linux/include"
ignoring nonexistent directory "/include"
ignoring duplicate directory "/opt/rh/gcc-toolset-15/root//usr/lib/gcc/x86_64-redhat-linux/15/../../../../include/c++/15"
ignoring duplicate directory "/opt/rh/gcc-toolset-15/root//usr/lib/gcc/x86_64-redhat-linux/15/../../../../include/c++/15/x86_64-redhat-linux"
ignoring duplicate directory "/opt/rh/gcc-toolset-15/root//usr/lib/gcc/x86_64-redhat-linux/15/../../../../include/c++/15/backward"
ignoring duplicate directory "/usr/bin/../lib/clang/21/include"
ignoring duplicate directory "/usr/local/include"
ignoring duplicate directory "/usr/include"
ignoring duplicate directory "/usr/local/include"
ignoring duplicate directory "/usr/bin/../lib/clang/21/include"
ignoring duplicate directory "/usr/include"
#include "..." search starts here:
#include <...> search starts here:
 /usr/bin/../lib/clang/21/include/cuda_wrappers
 /opt/rh/gcc-toolset-15/root//usr/lib/gcc/x86_64-redhat-linux/15/../../../../include/c++/15
 /opt/rh/gcc-toolset-15/root//usr/lib/gcc/x86_64-redhat-linux/15/../../../../include/c++/15/x86_64-redhat-linux
 /opt/rh/gcc-toolset-15/root//usr/lib/gcc/x86_64-redhat-linux/15/../../../../include/c++/15/backward
 /usr/bin/../lib/clang/21/include
 /usr/local/include
 /usr/include
 /opt/rocm-7.2.1/include
End of search list.
 "/usr/bin/lld" -flavor gnu -m elf64_amdgpu --no-undefined -shared -plugin-opt=-amdgpu-internalize-symbols --lto-partitions=8 -plugin-opt=mcpu=gfx906 --whole-archive -o /var/tmp/gupta23/CMakeHIPCompilerId-gfx906-a960c6.out /var/tmp/gupta23/CMakeHIPCompilerId-gfx906-374567.o --no-whole-archive
 "/usr/bin/clang-offload-bundler" -type=o -bundle-align=4096 -targets=host-x86_64-unknown-linux-gnu,hipv4-amdgcn-amd-amdhsa--gfx906 -input=/dev/null -input=/var/tmp/gupta23/CMakeHIPCompilerId-gfx906-a960c6.out -output=/var/tmp/gupta23/CMakeHIPCompilerId-c4467c.hipfb -verbose
 "/usr/bin/clang-21" -cc1 -triple x86_64-redhat-linux-gnu -aux-triple amdgcn-amd-amdhsa -emit-obj -dumpdir a- -disable-free -clear-ast-before-backend -disable-llvm-verifier -discard-value-names -main-file-name CMakeHIPCompilerId.hip -mrelocation-model static -mframe-pointer=all -fmath-errno -fno-rounding-math -mconstructor-aliases -funwind-tables=2 -target-cpu x86-64 -tune-cpu generic -dwarf-version=4 -debugger-tuning=gdb -fdebug-compilation-dir=/g/g19/gupta23/XSBench/CMakeFiles/3.24.2/CompilerIdHIP -v -fcoverage-compilation-dir=/g/g19/gupta23/XSBench/CMakeFiles/3.24.2/CompilerIdHIP -resource-dir /usr/bin/../lib/clang/21 -internal-isystem /usr/bin/../lib/clang/21/include/cuda_wrappers -idirafter /opt/rocm-7.2.1/include -include __clang_hip_runtime_wrapper.h -internal-isystem /opt/rh/gcc-toolset-15/root//usr/lib/gcc/x86_64-redhat-linux/15/../../../../include/c++/15 -internal-isystem /opt/rh/gcc-toolset-15/root//usr/lib/gcc/x86_64-redhat-linux/15/../../../../include/c++/15/x86_64-redhat-linux -internal-isystem /opt/rh/gcc-toolset-15/root//usr/lib/gcc/x86_64-redhat-linux/15/../../../../include/c++/15/backward -internal-isystem /opt/rh/gcc-toolset-15/root//usr/lib/gcc/x86_64-redhat-linux/15/../../../../include/c++/15 -internal-isystem /opt/rh/gcc-toolset-15/root//usr/lib/gcc/x86_64-redhat-linux/15/../../../../include/c++/15/x86_64-redhat-linux -internal-isystem /opt/rh/gcc-toolset-15/root//usr/lib/gcc/x86_64-redhat-linux/15/../../../../include/c++/15/backward -internal-isystem /usr/bin/../lib/clang/21/include -internal-isystem /usr/local/include -internal-isystem /opt/rh/gcc-toolset-15/root//usr/lib/gcc/x86_64-redhat-linux/15/../../../../x86_64-redhat-linux/include -internal-externc-isystem /include -internal-externc-isystem /usr/include -internal-isystem /usr/bin/../lib/clang/21/include -internal-isystem /usr/local/include -internal-isystem /opt/rh/gcc-toolset-15/root//usr/lib/gcc/x86_64-redhat-linux/15/../../../../x86_64-redhat-linux/include -internal-externc-isystem /include -internal-externc-isystem /usr/include -fdeprecated-macro -ferror-limit 19 -fhip-new-launch-api -fgnuc-version=4.2.1 -fskip-odr-check-in-gmf -fcxx-exceptions -fexceptions -fcuda-include-gpubinary /var/tmp/gupta23/CMakeHIPCompilerId-c4467c.hipfb -cuid=f7cd3a26ec0d838e -fcuda-allow-variadic-functions -faddrsig -D__GCC_HAVE_DWARF2_CFI_ASM=1 -o /var/tmp/gupta23/CMakeHIPCompilerId-8391d8.o -x hip CMakeHIPCompilerId.hip
clang -cc1 version 21.1.8 based upon LLVM 21.1.8 default target x86_64-redhat-linux-gnu
ignoring nonexistent directory "/opt/rh/gcc-toolset-15/root//usr/lib/gcc/x86_64-redhat-linux/15/../../../../x86_64-redhat-linux/include"
ignoring nonexistent directory "/include"
ignoring nonexistent directory "/opt/rh/gcc-toolset-15/root//usr/lib/gcc/x86_64-redhat-linux/15/../../../../x86_64-redhat-linux/include"
ignoring nonexistent directory "/include"
ignoring duplicate directory "/opt/rh/gcc-toolset-15/root//usr/lib/gcc/x86_64-redhat-linux/15/../../../../include/c++/15"
ignoring duplicate directory "/opt/rh/gcc-toolset-15/root//usr/lib/gcc/x86_64-redhat-linux/15/../../../../include/c++/15/x86_64-redhat-linux"
ignoring duplicate directory "/opt/rh/gcc-toolset-15/root//usr/lib/gcc/x86_64-redhat-linux/15/../../../../include/c++/15/backward"
ignoring duplicate directory "/usr/bin/../lib/clang/21/include"
ignoring duplicate directory "/usr/local/include"
ignoring duplicate directory "/usr/include"
#include "..." search starts here:
#include <...> search starts here:
 /usr/bin/../lib/clang/21/include/cuda_wrappers
 /opt/rh/gcc-toolset-15/root//usr/lib/gcc/x86_64-redhat-linux/15/../../../../include/c++/15
 /opt/rh/gcc-toolset-15/root//usr/lib/gcc/x86_64-redhat-linux/15/../../../../include/c++/15/x86_64-redhat-linux
 /opt/rh/gcc-toolset-15/root//usr/lib/gcc/x86_64-redhat-linux/15/../../../../include/c++/15/backward
 /usr/bin/../lib/clang/21/include
 /usr/local/include
 /usr/include
 /opt/rocm-7.2.1/include
End of search list.
 "/opt/rh/gcc-toolset-15/root//usr/lib/gcc/x86_64-redhat-linux/15/../../../../bin/ld" --hash-style=gnu --build-id --eh-frame-hdr -m elf_x86_64 -dynamic-linker /lib64/ld-linux-x86-64.so.2 -o a.out /lib/../lib64/crt1.o /lib/../lib64/crti.o /opt/rh/gcc-toolset-15/root//usr/lib/gcc/x86_64-redhat-linux/15/crtbegin.o -L/usr/bin/../lib/clang/21/lib/x86_64-redhat-linux-gnu -L/opt/rh/gcc-toolset-15/root//usr/lib/gcc/x86_64-redhat-linux/15 -L/opt/rh/gcc-toolset-15/root//usr/lib/gcc/x86_64-redhat-linux/15/../../../../lib64 -L/lib/../lib64 -L/usr/lib64 -L/lib -L/usr/lib /var/tmp/gupta23/CMakeHIPCompilerId-8391d8.o -L/opt/rocm-7.2.1/lib -lamdhip64 -lstdc++ -lm -lgcc_s -lgcc -lc -lgcc_s -lgcc /opt/rh/gcc-toolset-15/root//usr/lib/gcc/x86_64-redhat-linux/15/crtend.o /lib/../lib64/crtn.o


Compilation of the HIP compiler identification source "CMakeHIPCompilerId.hip" produced "a.out"

The HIP compiler identification is Clang, found in "/g/g19/gupta23/XSBench/CMakeFiles/3.24.2/CompilerIdHIP/a.out"

Detecting HIP compiler ABI info compiled with the following output:
Change Dir: /g/g19/gupta23/XSBench/CMakeFiles/CMakeTmp

Run Build Command(s):/usr/bin/gmake -f Makefile cmTC_1803c/fast && /usr/bin/gmake  -f CMakeFiles/cmTC_1803c.dir/build.make CMakeFiles/cmTC_1803c.dir/build
gmake[1]: Entering directory '/g/g19/gupta23/XSBench/CMakeFiles/CMakeTmp'
Building HIP object CMakeFiles/cmTC_1803c.dir/CMakeHIPCompilerABI.hip.o
/usr/lib64/ccache/clang++ -D__HIP_ROCclr__=1 -isystem /opt/rocm-7.2.1/include --cuda-host-only  --offload-arch=gfx942 --offload-arch=gfx942 --offload-arch=gfx942 --offload-arch=gfx942   -v -o CMakeFiles/cmTC_1803c.dir/CMakeHIPCompilerABI.hip.o -x hip -c /usr/tce/backend/installations/linux-rhel8-x86_64/gcc-8.3.1/cmake-3.24.2-ywx52e32uh6gkxzuyubpwkulzgdvxyh6/share/cmake-3.24/Modules/CMakeHIPCompilerABI.hip
clang version 21.1.8 ( 21.1.8-1.module+el8.10.0+23969+c061985f)
Target: x86_64-redhat-linux-gnu
Thread model: posix
InstalledDir: /usr/bin
Configuration file: /etc/clang/x86_64-redhat-linux-gnu-clang++.cfg
System configuration file directory: /etc/clang/
Selected GCC installation: /opt/rh/gcc-toolset-15/root//usr/lib/gcc/x86_64-redhat-linux/15
Candidate multilib: .;@m64
Candidate multilib: 32;@m32
Selected multilib: .;@m64
Found HIP installation: /opt/rocm-7.2.1, version 7.2.53211
 (in-process)
 "/usr/bin/clang-21" -cc1 -triple x86_64-redhat-linux-gnu -aux-triple amdgcn-amd-amdhsa -emit-obj -disable-free -clear-ast-before-backend -disable-llvm-verifier -discard-value-names -main-file-name CMakeHIPCompilerABI.hip -mrelocation-model static -mframe-pointer=all -fmath-errno -fno-rounding-math -mconstructor-aliases -funwind-tables=2 -target-cpu x86-64 -tune-cpu generic -dwarf-version=4 -debugger-tuning=gdb -fdebug-compilation-dir=/g/g19/gupta23/XSBench/CMakeFiles/CMakeTmp -v -fcoverage-compilation-dir=/g/g19/gupta23/XSBench/CMakeFiles/CMakeTmp -resource-dir /usr/bin/../lib/clang/21 -internal-isystem /usr/bin/../lib/clang/21/include/cuda_wrappers -idirafter /opt/rocm-7.2.1/include -include __clang_hip_runtime_wrapper.h -isystem /opt/rocm-7.2.1/include -D __HIP_ROCclr__=1 -internal-isystem /opt/rh/gcc-toolset-15/root//usr/lib/gcc/x86_64-redhat-linux/15/../../../../include/c++/15 -internal-isystem /opt/rh/gcc-toolset-15/root//usr/lib/gcc/x86_64-redhat-linux/15/../../../../include/c++/15/x86_64-redhat-linux -internal-isystem /opt/rh/gcc-toolset-15/root//usr/lib/gcc/x86_64-redhat-linux/15/../../../../include/c++/15/backward -internal-isystem /opt/rh/gcc-toolset-15/root//usr/lib/gcc/x86_64-redhat-linux/15/../../../../include/c++/15 -internal-isystem /opt/rh/gcc-toolset-15/root//usr/lib/gcc/x86_64-redhat-linux/15/../../../../include/c++/15/x86_64-redhat-linux -internal-isystem /opt/rh/gcc-toolset-15/root//usr/lib/gcc/x86_64-redhat-linux/15/../../../../include/c++/15/backward -internal-isystem /usr/bin/../lib/clang/21/include -internal-isystem /usr/local/include -internal-isystem /opt/rh/gcc-toolset-15/root//usr/lib/gcc/x86_64-redhat-linux/15/../../../../x86_64-redhat-linux/include -internal-externc-isystem /include -internal-externc-isystem /usr/include -internal-isystem /usr/bin/../lib/clang/21/include -internal-isystem /usr/local/include -internal-isystem /opt/rh/gcc-toolset-15/root//usr/lib/gcc/x86_64-redhat-linux/15/../../../../x86_64-redhat-linux/include -internal-externc-isystem /include -internal-externc-isystem /usr/include -fdeprecated-macro -ferror-limit 19 -fhip-new-launch-api -fgnuc-version=4.2.1 -fskip-odr-check-in-gmf -fcxx-exceptions -fexceptions -cuid=f6354a1e80015276 -fcuda-allow-variadic-functions -faddrsig -D__GCC_HAVE_DWARF2_CFI_ASM=1 -o CMakeFiles/cmTC_1803c.dir/CMakeHIPCompilerABI.hip.o -x hip /usr/tce/backend/installations/linux-rhel8-x86_64/gcc-8.3.1/cmake-3.24.2-ywx52e32uh6gkxzuyubpwkulzgdvxyh6/share/cmake-3.24/Modules/CMakeHIPCompilerABI.hip
clang -cc1 version 21.1.8 based upon LLVM 21.1.8 default target x86_64-redhat-linux-gnu
ignoring nonexistent directory "/opt/rh/gcc-toolset-15/root//usr/lib/gcc/x86_64-redhat-linux/15/../../../../x86_64-redhat-linux/include"
ignoring nonexistent directory "/include"
ignoring nonexistent directory "/opt/rh/gcc-toolset-15/root//usr/lib/gcc/x86_64-redhat-linux/15/../../../../x86_64-redhat-linux/include"
ignoring nonexistent directory "/include"
ignoring duplicate directory "/opt/rh/gcc-toolset-15/root//usr/lib/gcc/x86_64-redhat-linux/15/../../../../include/c++/15"
ignoring duplicate directory "/opt/rh/gcc-toolset-15/root//usr/lib/gcc/x86_64-redhat-linux/15/../../../../include/c++/15/x86_64-redhat-linux"
ignoring duplicate directory "/opt/rh/gcc-toolset-15/root//usr/lib/gcc/x86_64-redhat-linux/15/../../../../include/c++/15/backward"
ignoring duplicate directory "/usr/bin/../lib/clang/21/include"
ignoring duplicate directory "/usr/local/include"
ignoring duplicate directory "/usr/include"
ignoring duplicate directory "/opt/rocm-7.2.1/include"
#include "..." search starts here:
#include <...> search starts here:
 /opt/rocm-7.2.1/include
 /usr/bin/../lib/clang/21/include/cuda_wrappers
 /opt/rh/gcc-toolset-15/root//usr/lib/gcc/x86_64-redhat-linux/15/../../../../include/c++/15
 /opt/rh/gcc-toolset-15/root//usr/lib/gcc/x86_64-redhat-linux/15/../../../../include/c++/15/x86_64-redhat-linux
 /opt/rh/gcc-toolset-15/root//usr/lib/gcc/x86_64-redhat-linux/15/../../../../include/c++/15/backward
 /usr/bin/../lib/clang/21/include
 /usr/local/include
 /usr/include
End of search list.
Linking HIP executable cmTC_1803c
/usr/tce/backend/installations/linux-rhel8-x86_64/gcc-8.3.1/cmake-3.24.2-ywx52e32uh6gkxzuyubpwkulzgdvxyh6/bin/cmake -E cmake_link_script CMakeFiles/cmTC_1803c.dir/link.txt --verbose=1
/usr/lib64/ccache/clang++  --cuda-host-only  --offload-arch=gfx942 --offload-arch=gfx942 --offload-arch=gfx942 --offload-arch=gfx942  -v --hip-link --rtlib=compiler-rt -unwindlib=libgcc CMakeFiles/cmTC_1803c.dir/CMakeHIPCompilerABI.hip.o -o cmTC_1803c  /opt/rocm-7.2.1/lib/libamdhip64.so.7.2.70201 
clang version 21.1.8 ( 21.1.8-1.module+el8.10.0+23969+c061985f)
Target: x86_64-redhat-linux-gnu
Thread model: posix
InstalledDir: /usr/bin
Configuration file: /etc/clang/x86_64-redhat-linux-gnu-clang++.cfg
System configuration file directory: /etc/clang/
Selected GCC installation: /opt/rh/gcc-toolset-15/root//usr/lib/gcc/x86_64-redhat-linux/15
Candidate multilib: .;@m64
Candidate multilib: 32;@m32
Selected multilib: .;@m64
Found HIP installation: /opt/rocm-7.2.1, version 7.2.53211
 "/opt/rh/gcc-toolset-15/root//usr/lib/gcc/x86_64-redhat-linux/15/../../../../bin/ld" --hash-style=gnu --build-id --eh-frame-hdr -m elf_x86_64 -dynamic-linker /lib64/ld-linux-x86-64.so.2 -o cmTC_1803c /lib/../lib64/crt1.o /lib/../lib64/crti.o /usr/bin/../lib/clang/21/lib/x86_64-redhat-linux-gnu/clang_rt.crtbegin.o -L/usr/bin/../lib/clang/21/lib/x86_64-redhat-linux-gnu -L/opt/rh/gcc-toolset-15/root//usr/lib/gcc/x86_64-redhat-linux/15 -L/opt/rh/gcc-toolset-15/root//usr/lib/gcc/x86_64-redhat-linux/15/../../../../lib64 -L/lib/../lib64 -L/usr/lib64 -L/lib -L/usr/lib CMakeFiles/cmTC_1803c.dir/CMakeHIPCompilerABI.hip.o /opt/rocm-7.2.1/lib/libamdhip64.so.7.2.70201 -L/opt/rocm-7.2.1/lib -lamdhip64 -lstdc++ -lm /usr/bin/../lib/clang/21/lib/x86_64-redhat-linux-gnu/libclang_rt.builtins.a -lgcc_s -lc /usr/bin/../lib/clang/21/lib/x86_64-redhat-linux-gnu/libclang_rt.builtins.a -lgcc_s /usr/bin/../lib/clang/21/lib/x86_64-redhat-linux-gnu/clang_rt.crtend.o /lib/../lib64/crtn.o
gmake[1]: Leaving directory '/g/g19/gupta23/XSBench/CMakeFiles/CMakeTmp'



Parsed HIP implicit include dir info from above output: rv=done
  found start of include info
  found start of implicit include info
    add: [/opt/rocm-7.2.1/include]
    add: [/usr/bin/../lib/clang/21/include/cuda_wrappers]
    add: [/opt/rh/gcc-toolset-15/root//usr/lib/gcc/x86_64-redhat-linux/15/../../../../include/c++/15]
    add: [/opt/rh/gcc-toolset-15/root//usr/lib/gcc/x86_64-redhat-linux/15/../../../../include/c++/15/x86_64-redhat-linux]
    add: [/opt/rh/gcc-toolset-15/root//usr/lib/gcc/x86_64-redhat-linux/15/../../../../include/c++/15/backward]
    add: [/usr/bin/../lib/clang/21/include]
    add: [/usr/local/include]
    add: [/usr/include]
  end of search list found
  collapse include dir [/opt/rocm-7.2.1/include] ==> [/opt/rocm-7.2.1/include]
  collapse include dir [/usr/bin/../lib/clang/21/include/cuda_wrappers] ==> [/usr/lib/clang/21/include/cuda_wrappers]
  collapse include dir [/opt/rh/gcc-toolset-15/root//usr/lib/gcc/x86_64-redhat-linux/15/../../../../include/c++/15] ==> [/opt/rh/gcc-toolset-15/root/usr/include/c++/15]
  collapse include dir [/opt/rh/gcc-toolset-15/root//usr/lib/gcc/x86_64-redhat-linux/15/../../../../include/c++/15/x86_64-redhat-linux] ==> [/opt/rh/gcc-toolset-15/root/usr/include/c++/15/x86_64-redhat-linux]
  collapse include dir [/opt/rh/gcc-toolset-15/root//usr/lib/gcc/x86_64-redhat-linux/15/../../../../include/c++/15/backward] ==> [/opt/rh/gcc-toolset-15/root/usr/include/c++/15/backward]
  collapse include dir [/usr/bin/../lib/clang/21/include] ==> [/usr/lib/clang/21/include]
  collapse include dir [/usr/local/include] ==> [/usr/local/include]
  collapse include dir [/usr/include] ==> [/usr/include]
  implicit include dirs: [/opt/rocm-7.2.1/include;/usr/lib/clang/21/include/cuda_wrappers;/opt/rh/gcc-toolset-15/root/usr/include/c++/15;/opt/rh/gcc-toolset-15/root/usr/include/c++/15/x86_64-redhat-linux;/opt/rh/gcc-toolset-15/root/usr/include/c++/15/backward;/usr/lib/clang/21/include;/usr/local/include;/usr/include]


Parsed HIP implicit link information from above output:
  link line regex: [^( *|.*[/\])(ld\.lld|CMAKE_LINK_STARTFILE-NOTFOUND|([^/\]+-)?ld|collect2)[^/\]*( |$)]
  ignore line: [Change Dir: /g/g19/gupta23/XSBench/CMakeFiles/CMakeTmp]
  ignore line: []
  ignore line: [Run Build Command(s):/usr/bin/gmake -f Makefile cmTC_1803c/fast && /usr/bin/gmake  -f CMakeFiles/cmTC_1803c.dir/build.make CMakeFiles/cmTC_1803c.dir/build]
  ignore line: [gmake[1]: Entering directory '/g/g19/gupta23/XSBench/CMakeFiles/CMakeTmp']
  ignore line: [Building HIP object CMakeFiles/cmTC_1803c.dir/CMakeHIPCompilerABI.hip.o]
  ignore line: [/usr/lib64/ccache/clang++ -D__HIP_ROCclr__=1 -isystem /opt/rocm-7.2.1/include --cuda-host-only  --offload-arch=gfx942 --offload-arch=gfx942 --offload-arch=gfx942 --offload-arch=gfx942   -v -o CMakeFiles/cmTC_1803c.dir/CMakeHIPCompilerABI.hip.o -x hip -c /usr/tce/backend/installations/linux-rhel8-x86_64/gcc-8.3.1/cmake-3.24.2-ywx52e32uh6gkxzuyubpwkulzgdvxyh6/share/cmake-3.24/Modules/CMakeHIPCompilerABI.hip]
  ignore line: [clang version 21.1.8 ( 21.1.8-1.module+el8.10.0+23969+c061985f)]
  ignore line: [Target: x86_64-redhat-linux-gnu]
  ignore line: [Thread model: posix]
  ignore line: [InstalledDir: /usr/bin]
  ignore line: [Configuration file: /etc/clang/x86_64-redhat-linux-gnu-clang++.cfg]
  ignore line: [System configuration file directory: /etc/clang/]
  ignore line: [Selected GCC installation: /opt/rh/gcc-toolset-15/root//usr/lib/gcc/x86_64-redhat-linux/15]
  ignore line: [Candidate multilib: .]
  ignore line: [@m64]
  ignore line: [Candidate multilib: 32]
  ignore line: [@m32]
  ignore line: [Selected multilib: .]
  ignore line: [@m64]
  ignore line: [Found HIP installation: /opt/rocm-7.2.1  version 7.2.53211]
  ignore line: [ (in-process)]
  ignore line: [ "/usr/bin/clang-21" -cc1 -triple x86_64-redhat-linux-gnu -aux-triple amdgcn-amd-amdhsa -emit-obj -disable-free -clear-ast-before-backend -disable-llvm-verifier -discard-value-names -main-file-name CMakeHIPCompilerABI.hip -mrelocation-model static -mframe-pointer=all -fmath-errno -fno-rounding-math -mconstructor-aliases -funwind-tables=2 -target-cpu x86-64 -tune-cpu generic -dwarf-version=4 -debugger-tuning=gdb -fdebug-compilation-dir=/g/g19/gupta23/XSBench/CMakeFiles/CMakeTmp -v -fcoverage-compilation-dir=/g/g19/gupta23/XSBench/CMakeFiles/CMakeTmp -resource-dir /usr/bin/../lib/clang/21 -internal-isystem /usr/bin/../lib/clang/21/include/cuda_wrappers -idirafter /opt/rocm-7.2.1/include -include __clang_hip_runtime_wrapper.h -isystem /opt/rocm-7.2.1/include -D __HIP_ROCclr__=1 -internal-isystem /opt/rh/gcc-toolset-15/root//usr/lib/gcc/x86_64-redhat-linux/15/../../../../include/c++/15 -internal-isystem /opt/rh/gcc-toolset-15/root//usr/lib/gcc/x86_64-redhat-linux/15/../../../../include/c++/15/x86_64-redhat-linux -internal-isystem /opt/rh/gcc-toolset-15/root//usr/lib/gcc/x86_64-redhat-linux/15/../../../../include/c++/15/backward -internal-isystem /opt/rh/gcc-toolset-15/root//usr/lib/gcc/x86_64-redhat-linux/15/../../../../include/c++/15 -internal-isystem /opt/rh/gcc-toolset-15/root//usr/lib/gcc/x86_64-redhat-linux/15/../../../../include/c++/15/x86_64-redhat-linux -internal-isystem /opt/rh/gcc-toolset-15/root//usr/lib/gcc/x86_64-redhat-linux/15/../../../../include/c++/15/backward -internal-isystem /usr/bin/../lib/clang/21/include -internal-isystem /usr/local/include -internal-isystem /opt/rh/gcc-toolset-15/root//usr/lib/gcc/x86_64-redhat-linux/15/../../../../x86_64-redhat-linux/include -internal-externc-isystem /include -internal-externc-isystem /usr/include -internal-isystem /usr/bin/../lib/clang/21/include -internal-isystem /usr/local/include -internal-isystem /opt/rh/gcc-toolset-15/root//usr/lib/gcc/x86_64-redhat-linux/15/../../../../x86_64-redhat-linux/include -internal-externc-isystem /include -internal-externc-isystem /usr/include -fdeprecated-macro -ferror-limit 19 -fhip-new-launch-api -fgnuc-version=4.2.1 -fskip-odr-check-in-gmf -fcxx-exceptions -fexceptions -cuid=f6354a1e80015276 -fcuda-allow-variadic-functions -faddrsig -D__GCC_HAVE_DWARF2_CFI_ASM=1 -o CMakeFiles/cmTC_1803c.dir/CMakeHIPCompilerABI.hip.o -x hip /usr/tce/backend/installations/linux-rhel8-x86_64/gcc-8.3.1/cmake-3.24.2-ywx52e32uh6gkxzuyubpwkulzgdvxyh6/share/cmake-3.24/Modules/CMakeHIPCompilerABI.hip]
  ignore line: [clang -cc1 version 21.1.8 based upon LLVM 21.1.8 default target x86_64-redhat-linux-gnu]
  ignore line: [ignoring nonexistent directory "/opt/rh/gcc-toolset-15/root//usr/lib/gcc/x86_64-redhat-linux/15/../../../../x86_64-redhat-linux/include"]
  ignore line: [ignoring nonexistent directory "/include"]
  ignore line: [ignoring nonexistent directory "/opt/rh/gcc-toolset-15/root//usr/lib/gcc/x86_64-redhat-linux/15/../../../../x86_64-redhat-linux/include"]
  ignore line: [ignoring nonexistent directory "/include"]
  ignore line: [ignoring duplicate directory "/opt/rh/gcc-toolset-15/root//usr/lib/gcc/x86_64-redhat-linux/15/../../../../include/c++/15"]
  ignore line: [ignoring duplicate directory "/opt/rh/gcc-toolset-15/root//usr/lib/gcc/x86_64-redhat-linux/15/../../../../include/c++/15/x86_64-redhat-linux"]
  ignore line: [ignoring duplicate directory "/opt/rh/gcc-toolset-15/root//usr/lib/gcc/x86_64-redhat-linux/15/../../../../include/c++/15/backward"]
  ignore line: [ignoring duplicate directory "/usr/bin/../lib/clang/21/include"]
  ignore line: [ignoring duplicate directory "/usr/local/include"]
  ignore line: [ignoring duplicate directory "/usr/include"]
  ignore line: [ignoring duplicate directory "/opt/rocm-7.2.1/include"]
  ignore line: [#include "..." search starts here:]
  ignore line: [#include <...> search starts here:]
  ignore line: [ /opt/rocm-7.2.1/include]
  ignore line: [ /usr/bin/../lib/clang/21/include/cuda_wrappers]
  ignore line: [ /opt/rh/gcc-toolset-15/root//usr/lib/gcc/x86_64-redhat-linux/15/../../../../include/c++/15]
  ignore line: [ /opt/rh/gcc-toolset-15/root//usr/lib/gcc/x86_64-redhat-linux/15/../../../../include/c++/15/x86_64-redhat-linux]
  ignore line: [ /opt/rh/gcc-toolset-15/root//usr/lib/gcc/x86_64-redhat-linux/15/../../../../include/c++/15/backward]
  ignore line: [ /usr/bin/../lib/clang/21/include]
  ignore line: [ /usr/local/include]
  ignore line: [ /usr/include]
  ignore line: [End of search list.]
  ignore line: [Linking HIP executable cmTC_1803c]
  ignore line: [/usr/tce/backend/installations/linux-rhel8-x86_64/gcc-8.3.1/cmake-3.24.2-ywx52e32uh6gkxzuyubpwkulzgdvxyh6/bin/cmake -E cmake_link_script CMakeFiles/cmTC_1803c.dir/link.txt --verbose=1]
  ignore line: [/usr/lib64/ccache/clang++  --cuda-host-only  --offload-arch=gfx942 --offload-arch=gfx942 --offload-arch=gfx942 --offload-arch=gfx942  -v --hip-link --rtlib=compiler-rt -unwindlib=libgcc CMakeFiles/cmTC_1803c.dir/CMakeHIPCompilerABI.hip.o -o cmTC_1803c  /opt/rocm-7.2.1/lib/libamdhip64.so.7.2.70201 ]
  ignore line: [clang version 21.1.8 ( 21.1.8-1.module+el8.10.0+23969+c061985f)]
  ignore line: [Target: x86_64-redhat-linux-gnu]
  ignore line: [Thread model: posix]
  ignore line: [InstalledDir: /usr/bin]
  ignore line: [Configuration file: /etc/clang/x86_64-redhat-linux-gnu-clang++.cfg]
  ignore line: [System configuration file directory: /etc/clang/]
  ignore line: [Selected GCC installation: /opt/rh/gcc-toolset-15/root//usr/lib/gcc/x86_64-redhat-linux/15]
  ignore line: [Candidate multilib: .]
  ignore line: [@m64]
  ignore line: [Candidate multilib: 32]
  ignore line: [@m32]
  ignore line: [Selected multilib: .]
  ignore line: [@m64]
  ignore line: [Found HIP installation: /opt/rocm-7.2.1  version 7.2.53211]
  link line: [ "/opt/rh/gcc-toolset-15/root//usr/lib/gcc/x86_64-redhat-linux/15/../../../../bin/ld" --hash-style=gnu --build-id --eh-frame-hdr -m elf_x86_64 -dynamic-linker /lib64/ld-linux-x86-64.so.2 -o cmTC_1803c /lib/../lib64/crt1.o /lib/../lib64/crti.o /usr/bin/../lib/clang/21/lib/x86_64-redhat-linux-gnu/clang_rt.crtbegin.o -L/usr/bin/../lib/clang/21/lib/x86_64-redhat-linux-gnu -L/opt/rh/gcc-toolset-15/root//usr/lib/gcc/x86_64-redhat-linux/15 -L/opt/rh/gcc-toolset-15/root//usr/lib/gcc/x86_64-redhat-linux/15/../../../../lib64 -L/lib/../lib64 -L/usr/lib64 -L/lib -L/usr/lib CMakeFiles/cmTC_1803c.dir/CMakeHIPCompilerABI.hip.o /opt/rocm-7.2.1/lib/libamdhip64.so.7.2.70201 -L/opt/rocm-7.2.1/lib -lamdhip64 -lstdc++ -lm /usr/bin/../lib/clang/21/lib/x86_64-redhat-linux-gnu/libclang_rt.builtins.a -lgcc_s -lc /usr/bin/../lib/clang/21/lib/x86_64-redhat-linux-gnu/libclang_rt.builtins.a -lgcc_s /usr/bin/../lib/clang/21/lib/x86_64-redhat-linux-gnu/clang_rt.crtend.o /lib/../lib64/crtn.o]
    arg [/opt/rh/gcc-toolset-15/root//usr/lib/gcc/x86_64-redhat-linux/15/../../../../bin/ld] ==> ignore
    arg [--hash-style=gnu] ==> ignore
    arg [--build-id] ==> ignore
    arg [--eh-frame-hdr] ==> ignore
    arg [-m] ==> ignore
    arg [elf_x86_64] ==> ignore
    arg [-dynamic-linker] ==> ignore
    arg [/lib64/ld-linux-x86-64.so.2] ==> ignore
    arg [-o] ==> ignore
    arg [cmTC_1803c] ==> ignore
    arg [/lib/../lib64/crt1.o] ==> obj [/lib/../lib64/crt1.o]
    arg [/lib/../lib64/crti.o] ==> obj [/lib/../lib64/crti.o]
    arg [/usr/bin/../lib/clang/21/lib/x86_64-redhat-linux-gnu/clang_rt.crtbegin.o] ==> obj [/usr/bin/../lib/clang/21/lib/x86_64-redhat-linux-gnu/clang_rt.crtbegin.o]
    arg [-L/usr/bin/../lib/clang/21/lib/x86_64-redhat-linux-gnu] ==> dir [/usr/bin/../lib/clang/21/lib/x86_64-redhat-linux-gnu]
    arg [-L/opt/rh/gcc-toolset-15/root//usr/lib/gcc/x86_64-redhat-linux/15] ==> dir [/opt/rh/gcc-toolset-15/root//usr/lib/gcc/x86_64-redhat-linux/15]
    arg [-L/opt/rh/gcc-toolset-15/root//usr/lib/gcc/x86_64-redhat-linux/15/../../../../lib64] ==> dir [/opt/rh/gcc-toolset-15/root//usr/lib/gcc/x86_64-redhat-linux/15/../../../../lib64]
    arg [-L/lib/../lib64] ==> dir [/lib/../lib64]
    arg [-L/usr/lib64] ==> dir [/usr/lib64]
    arg [-L/lib] ==> dir [/lib]
    arg [-L/usr/lib] ==> dir [/usr/lib]
    arg [CMakeFiles/cmTC_1803c.dir/CMakeHIPCompilerABI.hip.o] ==> ignore
    arg [/opt/rocm-7.2.1/lib/libamdhip64.so.7.2.70201] ==> ignore
    arg [-L/opt/rocm-7.2.1/lib] ==> dir [/opt/rocm-7.2.1/lib]
    arg [-lamdhip64] ==> lib [amdhip64]
    arg [-lstdc++] ==> lib [stdc++]
    arg [-lm] ==> lib [m]
    arg [/usr/bin/../lib/clang/21/lib/x86_64-redhat-linux-gnu/libclang_rt.builtins.a] ==> lib [/usr/bin/../lib/clang/21/lib/x86_64-redhat-linux-gnu/libclang_rt.builtins.a]
    arg [-lgcc_s] ==> lib [gcc_s]
    arg [-lc] ==> lib [c]
    arg [/usr/bin/../lib/clang/21/lib/x86_64-redhat-linux-gnu/libclang_rt.builtins.a] ==> lib [/usr/bin/../lib/clang/21/lib/x86_64-redhat-linux-gnu/libclang_rt.builtins.a]
    arg [-lgcc_s] ==> lib [gcc_s]
    arg [/usr/bin/../lib/clang/21/lib/x86_64-redhat-linux-gnu/clang_rt.crtend.o] ==> obj [/usr/bin/../lib/clang/21/lib/x86_64-redhat-linux-gnu/clang_rt.crtend.o]
    arg [/lib/../lib64/crtn.o] ==> obj [/lib/../lib64/crtn.o]
  remove lib [/usr/bin/../lib/clang/21/lib/x86_64-redhat-linux-gnu/libclang_rt.builtins.a]
  remove lib [/usr/bin/../lib/clang/21/lib/x86_64-redhat-linux-gnu/libclang_rt.builtins.a]
  collapse obj [/lib/../lib64/crt1.o] ==> [/lib64/crt1.o]
  collapse obj [/lib/../lib64/crti.o] ==> [/lib64/crti.o]
  collapse obj [/usr/bin/../lib/clang/21/lib/x86_64-redhat-linux-gnu/clang_rt.crtbegin.o] ==> [/usr/lib/clang/21/lib/x86_64-redhat-linux-gnu/clang_rt.crtbegin.o]
  collapse obj [/usr/bin/../lib/clang/21/lib/x86_64-redhat-linux-gnu/clang_rt.crtend.o] ==> [/usr/lib/clang/21/lib/x86_64-redhat-linux-gnu/clang_rt.crtend.o]
  collapse obj [/lib/../lib64/crtn.o] ==> [/lib64/crtn.o]
  collapse library dir [/usr/bin/../lib/clang/21/lib/x86_64-redhat-linux-gnu] ==> [/usr/lib/clang/21/lib/x86_64-redhat-linux-gnu]
  collapse library dir [/opt/rh/gcc-toolset-15/root//usr/lib/gcc/x86_64-redhat-linux/15] ==> [/opt/rh/gcc-toolset-15/root/usr/lib/gcc/x86_64-redhat-linux/15]
  collapse library dir [/opt/rh/gcc-toolset-15/root//usr/lib/gcc/x86_64-redhat-linux/15/../../../../lib64] ==> [/opt/rh/gcc-toolset-15/root/usr/lib64]
  collapse library dir [/lib/../lib64] ==> [/lib64]
  collapse library dir [/usr/lib64] ==> [/usr/lib64]
  collapse library dir [/lib] ==> [/lib]
  collapse library dir [/usr/lib] ==> [/usr/lib]
  collapse library dir [/opt/rocm-7.2.1/lib] ==> [/opt/rocm-7.2.1/lib]
  implicit libs: [amdhip64;stdc++;m;gcc_s;c;gcc_s]
  implicit objs: [/lib64/crt1.o;/lib64/crti.o;/usr/lib/clang/21/lib/x86_64-redhat-linux-gnu/clang_rt.crtbegin.o;/usr/lib/clang/21/lib/x86_64-redhat-linux-gnu/clang_rt.crtend.o;/lib64/crtn.o]
  implicit dirs: [/usr/lib/clang/21/lib/x86_64-redhat-linux-gnu;/opt/rh/gcc-toolset-15/root/usr/lib/gcc/x86_64-redhat-linux/15;/opt/rh/gcc-toolset-15/root/usr/lib64;/lib64;/usr/lib64;/lib;/usr/lib;/opt/rocm-7.2.1/lib]
  implicit fwks: []


